../Core/Src/fdcan.c:88:6:MX_FDCAN1_Init	16	static
../Core/Src/fdcan.c:157:6:MX_FDCAN2_Init	16	static
../Core/Src/fdcan.c:226:6:MX_FDCAN3_Init	16	static
../Core/Src/fdcan.c:297:6:HAL_FDCAN_MspInit	64	static
../Core/Src/fdcan.c:393:6:HAL_FDCAN_MspDeInit	16	static
../Core/Src/fdcan.c:468:6:HAL_FDCAN_RxFifo0Callback	24	static,ignoring_inline_asm
../Core/Src/fdcan.c:644:6:HAL_FDCAN_RxFifo1Callback	24	static,ignoring_inline_asm
../Core/Src/fdcan.c:700:6:FDCAN_Tx	32	static
../Core/Src/fdcan.c:905:6:FDCAN_Start	8	static
../Core/Src/fdcan.c:937:6:SoftwareTimersStart	24	static
