../Core/Src/freertos.c:190:13:configureTimerForRunTimeStats	4	static
../Core/Src/freertos.c:195:22:getRunTimeCounterValue	4	static
../Core/Src/freertos.c:206:6:MX_FREERTOS_Init	16	static
../Core/Src/freertos.c:284:6:StartDefaultTask	16	static
../Core/Src/freertos.c:296:6:Button_Pressed_Task	16	static
../Core/Src/freertos.c:336:6:Read_Inputs_Task	16	static
../Core/Src/freertos.c:443:6:Close_Shutdown_Task	24	static
../Core/Src/freertos.c:485:6:Open_Shutdown_Task	16	static
../Core/Src/freertos.c:593:6:Ready_To_Drive_Task	16	static
../Core/Src/freertos.c:624:6:Send_Once_Task	16	static
../Core/Src/freertos.c:633:6:Enable_Inverter_Task	16	static
../Core/Src/freertos.c:667:6:Disable_Inverter_Task	16	static
../Core/Src/freertos.c:701:6:Brake_Handler_Task	16	static
../Core/Src/freertos.c:750:6:APPS_Handler_Task	16	static
../Core/Src/freertos.c:802:6:Mission_Handler_Task	16	static
../Core/Src/freertos.c:845:6:Torque_Command_Task	16	static
../Core/Src/freertos.c:910:6:Power_Limiter_Task	16	static
../Core/Src/freertos.c:917:6:Traction_Control_Task	16	static
../Core/Src/freertos.c:925:6:Autonomous_Torque_Command_Task	16	static
../Core/Src/freertos.c:962:6:Inverter_Rx_Requests_Task	16	static
../Core/Src/freertos.c:1033:6:Heartbeats_Task	16	static
