../Core/Src/stm32h7xx_it.c:80:6:NMI_Handler	4	static
../Core/Src/stm32h7xx_it.c:95:6:HardFault_Handler	4	static
../Core/Src/stm32h7xx_it.c:110:6:MemManage_Handler	4	static
../Core/Src/stm32h7xx_it.c:125:6:BusFault_Handler	4	static
../Core/Src/stm32h7xx_it.c:140:6:UsageFault_Handler	4	static
../Core/Src/stm32h7xx_it.c:155:6:DebugMon_Handler	4	static
../Core/Src/stm32h7xx_it.c:175:6:DMA1_Stream1_IRQHandler	8	static
../Core/Src/stm32h7xx_it.c:189:6:DMA1_Stream2_IRQHandler	8	static
../Core/Src/stm32h7xx_it.c:203:6:FDCAN1_IT0_IRQHandler	8	static
../Core/Src/stm32h7xx_it.c:217:6:FDCAN2_IT1_IRQHandler	8	static
../Core/Src/stm32h7xx_it.c:231:6:TIM1_UP_IRQHandler	8	static
../Core/Src/stm32h7xx_it.c:245:6:TIM3_IRQHandler	8	static
../Core/Src/stm32h7xx_it.c:259:6:TIM7_IRQHandler	8	static
../Core/Src/stm32h7xx_it.c:273:6:DMA2_Stream0_IRQHandler	8	static
../Core/Src/stm32h7xx_it.c:287:6:FDCAN3_IT0_IRQHandler	8	static
../Core/Src/stm32h7xx_it.c:301:6:TIM24_IRQHandler	8	static
