Archive member included to satisfy reference by file (symbol)

C:/ST/STM32CubeIDE_1.7.0/STM32CubeIDE/plugins/com.st.stm32cube.ide.mcu.externaltools.gnu-tools-for-stm32.11.3.rel1.win32_1.1.0.202305231506/tools/bin/../lib/gcc/arm-none-eabi/11.3.1/../../../../arm-none-eabi/lib/thumb/v7e-m+dp/hard\libc_nano.a(libc_a-exit.o)
                              C:/ST/STM32CubeIDE_1.7.0/STM32CubeIDE/plugins/com.st.stm32cube.ide.mcu.externaltools.gnu-tools-for-stm32.11.3.rel1.win32_1.1.0.202305231506/tools/bin/../lib/gcc/arm-none-eabi/11.3.1/../../../../arm-none-eabi/lib/thumb/v7e-m+dp/hard/crt0.o (exit)
C:/ST/STM32CubeIDE_1.7.0/STM32CubeIDE/plugins/com.st.stm32cube.ide.mcu.externaltools.gnu-tools-for-stm32.11.3.rel1.win32_1.1.0.202305231506/tools/bin/../lib/gcc/arm-none-eabi/11.3.1/../../../../arm-none-eabi/lib/thumb/v7e-m+dp/hard\libc_nano.a(libc_a-findfp.o)
                              C:/ST/STM32CubeIDE_1.7.0/STM32CubeIDE/plugins/com.st.stm32cube.ide.mcu.externaltools.gnu-tools-for-stm32.11.3.rel1.win32_1.1.0.202305231506/tools/bin/../lib/gcc/arm-none-eabi/11.3.1/../../../../arm-none-eabi/lib/thumb/v7e-m+dp/hard\libc_nano.a(libc_a-exit.o) (__stdio_exit_handler)
C:/ST/STM32CubeIDE_1.7.0/STM32CubeIDE/plugins/com.st.stm32cube.ide.mcu.externaltools.gnu-tools-for-stm32.11.3.rel1.win32_1.1.0.202305231506/tools/bin/../lib/gcc/arm-none-eabi/11.3.1/../../../../arm-none-eabi/lib/thumb/v7e-m+dp/hard\libc_nano.a(libc_a-fwalk.o)
                              C:/ST/STM32CubeIDE_1.7.0/STM32CubeIDE/plugins/com.st.stm32cube.ide.mcu.externaltools.gnu-tools-for-stm32.11.3.rel1.win32_1.1.0.202305231506/tools/bin/../lib/gcc/arm-none-eabi/11.3.1/../../../../arm-none-eabi/lib/thumb/v7e-m+dp/hard\libc_nano.a(libc_a-findfp.o) (_fwalk_sglue)
C:/ST/STM32CubeIDE_1.7.0/STM32CubeIDE/plugins/com.st.stm32cube.ide.mcu.externaltools.gnu-tools-for-stm32.11.3.rel1.win32_1.1.0.202305231506/tools/bin/../lib/gcc/arm-none-eabi/11.3.1/../../../../arm-none-eabi/lib/thumb/v7e-m+dp/hard\libc_nano.a(libc_a-sprintf.o)
                              ./Middlewares/Third_Party/FreeRTOS/Source/tasks.o (sprintf)
C:/ST/STM32CubeIDE_1.7.0/STM32CubeIDE/plugins/com.st.stm32cube.ide.mcu.externaltools.gnu-tools-for-stm32.11.3.rel1.win32_1.1.0.202305231506/tools/bin/../lib/gcc/arm-none-eabi/11.3.1/../../../../arm-none-eabi/lib/thumb/v7e-m+dp/hard\libc_nano.a(libc_a-stdio.o)
                              C:/ST/STM32CubeIDE_1.7.0/STM32CubeIDE/plugins/com.st.stm32cube.ide.mcu.externaltools.gnu-tools-for-stm32.11.3.rel1.win32_1.1.0.202305231506/tools/bin/../lib/gcc/arm-none-eabi/11.3.1/../../../../arm-none-eabi/lib/thumb/v7e-m+dp/hard\libc_nano.a(libc_a-findfp.o) (__sread)
C:/ST/STM32CubeIDE_1.7.0/STM32CubeIDE/plugins/com.st.stm32cube.ide.mcu.externaltools.gnu-tools-for-stm32.11.3.rel1.win32_1.1.0.202305231506/tools/bin/../lib/gcc/arm-none-eabi/11.3.1/../../../../arm-none-eabi/lib/thumb/v7e-m+dp/hard\libc_nano.a(libc_a-memset.o)
                              C:/ST/STM32CubeIDE_1.7.0/STM32CubeIDE/plugins/com.st.stm32cube.ide.mcu.externaltools.gnu-tools-for-stm32.11.3.rel1.win32_1.1.0.202305231506/tools/bin/../lib/gcc/arm-none-eabi/11.3.1/../../../../arm-none-eabi/lib/thumb/v7e-m+dp/hard/crt0.o (memset)
C:/ST/STM32CubeIDE_1.7.0/STM32CubeIDE/plugins/com.st.stm32cube.ide.mcu.externaltools.gnu-tools-for-stm32.11.3.rel1.win32_1.1.0.202305231506/tools/bin/../lib/gcc/arm-none-eabi/11.3.1/../../../../arm-none-eabi/lib/thumb/v7e-m+dp/hard\libc_nano.a(libc_a-closer.o)
                              C:/ST/STM32CubeIDE_1.7.0/STM32CubeIDE/plugins/com.st.stm32cube.ide.mcu.externaltools.gnu-tools-for-stm32.11.3.rel1.win32_1.1.0.202305231506/tools/bin/../lib/gcc/arm-none-eabi/11.3.1/../../../../arm-none-eabi/lib/thumb/v7e-m+dp/hard\libc_nano.a(libc_a-stdio.o) (_close_r)
C:/ST/STM32CubeIDE_1.7.0/STM32CubeIDE/plugins/com.st.stm32cube.ide.mcu.externaltools.gnu-tools-for-stm32.11.3.rel1.win32_1.1.0.202305231506/tools/bin/../lib/gcc/arm-none-eabi/11.3.1/../../../../arm-none-eabi/lib/thumb/v7e-m+dp/hard\libc_nano.a(libc_a-reent.o)
                              C:/ST/STM32CubeIDE_1.7.0/STM32CubeIDE/plugins/com.st.stm32cube.ide.mcu.externaltools.gnu-tools-for-stm32.11.3.rel1.win32_1.1.0.202305231506/tools/bin/../lib/gcc/arm-none-eabi/11.3.1/../../../../arm-none-eabi/lib/thumb/v7e-m+dp/hard\libc_nano.a(libc_a-closer.o) (errno)
C:/ST/STM32CubeIDE_1.7.0/STM32CubeIDE/plugins/com.st.stm32cube.ide.mcu.externaltools.gnu-tools-for-stm32.11.3.rel1.win32_1.1.0.202305231506/tools/bin/../lib/gcc/arm-none-eabi/11.3.1/../../../../arm-none-eabi/lib/thumb/v7e-m+dp/hard\libc_nano.a(libc_a-impure.o)
                              C:/ST/STM32CubeIDE_1.7.0/STM32CubeIDE/plugins/com.st.stm32cube.ide.mcu.externaltools.gnu-tools-for-stm32.11.3.rel1.win32_1.1.0.202305231506/tools/bin/../lib/gcc/arm-none-eabi/11.3.1/../../../../arm-none-eabi/lib/thumb/v7e-m+dp/hard\libc_nano.a(libc_a-sprintf.o) (_impure_ptr)
[...]
Memory Configuration

Name             Origin             Length             Attributes
ITCMRAM          0x0000000000000000 0x0000000000010000 xrw
DTCMRAM          0x0000000020000000 0x0000000000020000 xrw
FLASH            0x0000000008000000 0x0000000000100000 xr
RAM_D1           0x0000000024000000 0x0000000000050000 xrw
RAM_D2           0x0000000030000000 0x0000000000008000 xrw
RAM_D3           0x0000000038000000 0x0000000000004000 xrw
*default*        0x0000000000000000 0xffffffffffffffff

Linker script and memory map

LOAD C:/ST/STM32CubeIDE_1.7.0/STM32CubeIDE/plugins/com.st.stm32cube.ide.mcu.externaltools.gnu-tools-for-stm32.11.3.rel1.win32_1.1.0.202305231506/tools/bin/../lib/gcc/arm-none-eabi/11.3.1/thumb/v7e-m+dp/hard/crti.o
LOAD C:/ST/STM32CubeIDE_1.7.0/STM32CubeIDE/plugins/com.st.stm32cube.ide.mcu.externaltools.gnu-tools-for-stm32.11.3.rel1.win32_1.1.0.202305231506/tools/bin/../lib/gcc/arm-none-eabi/11.3.1/thumb/v7e-m+dp/hard/crtbegin.o
LOAD C:/ST/STM32CubeIDE_1.7.0/STM32CubeIDE/plugins/com.st.stm32cube.ide.mcu.externaltools.gnu-tools-for-stm32.11.3.rel1.win32_1.1.0.202305231506/tools/bin/../lib/gcc/arm-none-eabi/11.3.1/../../../../arm-none-eabi/lib/thumb/v7e-m+dp/hard/crt0.o
LOAD ./Core/Src/adc.o
LOAD ./Core/Src/autonomous_mode.o
LOAD ./Core/Src/dma.o
LOAD ./Core/Src/fdcan.o
LOAD ./Core/Src/freertos.o
LOAD ./Core/Src/gpio.o
LOAD ./Core/Src/main.o
LOAD ./Core/Src/stm32h7xx_hal_msp.o
LOAD ./Core/Src/stm32h7xx_hal_timebase_tim.o
LOAD ./Core/Src/stm32h7xx_it.o
LOAD ./Core/Src/syscalls.o
LOAD ./Core/Src/sysmem.o
LOAD ./Core/Src/system_stm32h7xx.o
LOAD ./Core/Src/tim.o
LOAD ./Core/Src/usart.o
LOAD ./Core/Startup/startup_stm32h723zgtx.o
LOAD ./Drivers/STM32H7xx_HAL_Driver/Src/stm32h7xx_hal.o
LOAD ./Drivers/STM32H7xx_HAL_Driver/Src/stm32h7xx_hal_adc.o
LOAD ./Drivers/STM32H7xx_HAL_Driver/Src/stm32h7xx_hal_adc_ex.o
LOAD ./Drivers/STM32H7xx_HAL_Driver/Src/stm32h7xx_hal_cortex.o
LOAD ./Drivers/STM32H7xx_HAL_Driver/Src/stm32h7xx_hal_dma.o
LOAD ./Drivers/STM32H7xx_HAL_Driver/Src/stm32h7xx_hal_dma_ex.o
LOAD ./Drivers/STM32H7xx_HAL_Driver/Src/stm32h7xx_hal_exti.o
LOAD ./Drivers/STM32H7xx_HAL_Driver/Src/stm32h7xx_hal_fdcan.o
LOAD ./Drivers/STM32H7xx_HAL_Driver/Src/stm32h7xx_hal_flash.o
LOAD ./Drivers/STM32H7xx_HAL_Driver/Src/stm32h7xx_hal_flash_ex.o
LOAD ./Drivers/STM32H7xx_HAL_Driver/Src/stm32h7xx_hal_gpio.o
LOAD ./Drivers/STM32H7xx_HAL_Driver/Src/stm32h7xx_hal_hsem.o
LOAD ./Drivers/STM32H7xx_HAL_Driver/Src/stm32h7xx_hal_i2c.o
LOAD ./Drivers/STM32H7xx_HAL_Driver/Src/stm32h7xx_hal_i2c_ex.o
LOAD ./Drivers/STM32H7xx_HAL_Driver/Src/stm32h7xx_hal_mdma.o
LOAD ./Drivers/STM32H7xx_HAL_Driver/Src/stm32h7xx_hal_pwr.o
LOAD ./Drivers/STM32H7xx_HAL_Driver/Src/stm32h7xx_hal_pwr_ex.o
LOAD ./Drivers/STM32H7xx_HAL_Driver/Src/stm32h7xx_hal_rcc.o
LOAD ./Drivers/STM32H7xx_HAL_Driver/Src/stm32h7xx_hal_rcc_ex.o
LOAD ./Drivers/STM32H7xx_HAL_Driver/Src/stm32h7xx_hal_tim.o
LOAD ./Drivers/STM32H7xx_HAL_Driver/Src/stm32h7xx_hal_tim_ex.o
LOAD ./Drivers/STM32H7xx_HAL_Driver/Src/stm32h7xx_hal_uart.o
LOAD ./Drivers/STM32H7xx_HAL_Driver/Src/stm32h7xx_hal_uart_ex.o
LOAD ./Middlewares/Third_Party/FreeRTOS/Source/CMSIS_RTOS_V2/cmsis_os2.o
LOAD ./Middlewares/Third_Party/FreeRTOS/Source/croutine.o
LOAD ./Middlewares/Third_Party/FreeRTOS/Source/event_groups.o
LOAD ./Middlewares/Third_Party/FreeRTOS/Source/list.o
LOAD ./Middlewares/Third_Party/FreeRTOS/Source/queue.o
LOAD ./Middlewares/Third_Party/FreeRTOS/Source/stream_buffer.o
LOAD ./Middlewares/Third_Party/FreeRTOS/Source/tasks.o
LOAD ./Middlewares/Third_Party/FreeRTOS/Source/timers.o
LOAD ./Middlewares/Third_Party/FreeRTOS/Source/portable/GCC/ARM_CM4F/port.o
LOAD ./Middlewares/Third_Party/FreeRTOS/Source/portable/MemMang/heap_4.o
START GROUP
LOAD C:/ST/STM32CubeIDE_1.7.0/STM32CubeIDE/plugins/com.st.stm32cube.ide.mcu.externaltools.gnu-tools-for-stm32.11.3.rel1.win32_1.1.0.202305231506/tools/bin/../lib/gcc/arm-none-eabi/11.3.1/../../../../arm-none-eabi/lib/thumb/v7e-m+dp/hard\libc_nano.a
LOAD C:/ST/STM32CubeIDE_1.7.0/STM32CubeIDE/plugins/com.st.stm32cube.ide.mcu.externaltools.gnu-tools-for-stm32.11.3.rel1.win32_1.1.0.202305231506/tools/bin/../lib/gcc/arm-none-eabi/11.3.1/../../../../arm-none-eabi/lib/thumb/v7e-m+dp/hard\libm.a
END GROUP
START GROUP
LOAD C:/ST/STM32CubeIDE_1.7.0/STM32CubeIDE/plugins/com.st.stm32cube.ide.mcu.externaltools.gnu-tools-for-stm32.11.3.rel1.win32_1.1.0.202305231506/tools/bin/../lib/gcc/arm-none-eabi/11.3.1/thumb/v7e-m+dp/hard\libgcc.a
LOAD C:/ST/STM32CubeIDE_1.7.0/STM32CubeIDE/plugins/com.st.stm32cube.ide.mcu.externaltools.gnu-tools-for-stm32.11.3.rel1.win32_1.1.0.202305231506/tools/bin/../lib/gcc/arm-none-eabi/11.3.1/../../../../arm-none-eabi/lib/thumb/v7e-m+dp/hard\libc_nano.a
END GROUP
START GROUP
LOAD C:/ST/STM32CubeIDE_1.7.0/STM32CubeIDE/plugins/com.st.stm32cube.ide.mcu.externaltools.gnu-tools-for-stm32.11.3.rel1.win32_1.1.0.202305231506/tools/bin/../lib/gcc/arm-none-eabi/11.3.1/thumb/v7e-m+dp/hard\libgcc.a
LOAD C:/ST/STM32CubeIDE_1.7.0/STM32CubeIDE/plugins/com.st.stm32cube.ide.mcu.externaltools.gnu-tools-for-stm32.11.3.rel1.win32_1.1.0.202305231506/tools/bin/../lib/gcc/arm-none-eabi/11.3.1/../../../../arm-none-eabi/lib/thumb/v7e-m+dp/hard\libc_nano.a
LOAD C:/ST/STM32CubeIDE_1.7.0/STM32CubeIDE/plugins/com.st.stm32cube.ide.mcu.externaltools.gnu-tools-for-stm32.11.3.rel1.win32_1.1.0.202305231506/tools/bin/../lib/gcc/arm-none-eabi/11.3.1/../../../../arm-none-eabi/lib/thumb/v7e-m+dp/hard\libnosys.a
END GROUP
START GROUP
LOAD C:/ST/STM32CubeIDE_1.7.0/STM32CubeIDE/plugins/com.st.stm32cube.ide.mcu.externaltools.gnu-tools-for-stm32.11.3.rel1.win32_1.1.0.202305231506/tools/bin/../lib/gcc/arm-none-eabi/11.3.1/thumb/v7e-m+dp/hard\libgcc.a
LOAD C:/ST/STM32CubeIDE_1.7.0/STM32CubeIDE/plugins/com.st.stm32cube.ide.mcu.externaltools.gnu-tools-for-stm32.11.3.rel1.win32_1.1.0.202305231506/tools/bin/../lib/gcc/arm-none-eabi/11.3.1/../../../../arm-none-eabi/lib/thumb/v7e-m+dp/hard\libc_nano.a
LOAD C:/ST/STM32CubeIDE_1.7.0/STM32CubeIDE/plugins/com.st.stm32cube.ide.mcu.externaltools.gnu-tools-for-stm32.11.3.rel1.win32_1.1.0.202305231506/tools/bin/../lib/gcc/arm-none-eabi/11.3.1/../../../../arm-none-eabi/lib/thumb/v7e-m+dp/hard\libnosys.a
END GROUP
LOAD C:/ST/STM32CubeIDE_1.7.0/STM32CubeIDE/plugins/com.st.stm32cube.ide.mcu.externaltools.gnu-tools-for-stm32.11.3.rel1.win32_1.1.0.202305231506/tools/bin/../lib/gcc/arm-none-eabi/11.3.1/thumb/v7e-m+dp/hard/crtend.o
LOAD C:/ST/STM32CubeIDE_1.7.0/STM32CubeIDE/plugins/com.st.stm32cube.ide.mcu.externaltools.gnu-tools-for-stm32.11.3.rel1.win32_1.1.0.202305231506/tools/bin/../lib/gcc/arm-none-eabi/11.3.1/thumb/v7e-m+dp/hard/crtn.o
                0x0000000024050000                _estack = (ORIGIN (RAM_D1) + LENGTH (RAM_D1))
                0x0000000000000200                _Min_Heap_Size = 0x200
                0x0000000000000400                _Min_Stack_Size = 0x400

.isr_vector     0x0000000008000000      0x2cc
                0x0000000008000000                . = ALIGN (0x4)
 *(.isr_vector)
 .isr_vector    0x0000000008000000      0x2cc ./Core/Startup/startup_stm32h723zgtx.o
                0x0000000008000000                g_pfnVectors
                0x00000000080002cc                . = ALIGN (0x4)

.text           0x00000000080002d0    0x14ea8
                0x00000000080002d0                . = ALIGN (0x4)
 *(.text)
 .text          0x00000000080002d0       0x40 C:/ST/STM32CubeIDE_1.7.0/STM32CubeIDE/plugins/com.st.stm32cube.ide.mcu.externaltools.gnu-tools-for-stm32.11.3.rel1.win32_1.1.0.202305231506/tools/bin/../lib/gcc/arm-none-eabi/11.3.1/thumb/v7e-m+dp/hard/crtbegin.o
 .text          0x0000000008000310       0x30 C:/ST/STM32CubeIDE_1.7.0/STM32CubeIDE/plugins/com.st.stm32cube.ide.mcu.externaltools.gnu-tools-for-stm32.11.3.rel1.win32_1.1.0.202305231506/tools/bin/../lib/gcc/arm-none-eabi/11.3.1/thumb/v7e-m+dp/hard\libgcc.a(_aeabi_uldivmod.o)
                0x0000000008000310                __aeabi_uldivmod
 .text          0x0000000008000340      0x2c8 C:/ST/STM32CubeIDE_1.7.0/STM32CubeIDE/plugins/com.st.stm32cube.ide.mcu.externaltools.gnu-tools-for-stm32.11.3.rel1.win32_1.1.0.202305231506/tools/bin/../lib/gcc/arm-none-eabi/11.3.1/thumb/v7e-m+dp/hard\libgcc.a(_udivmoddi4.o)
                0x0000000008000340                __udivmoddi4
 .text          0x0000000008000608        0x4 C:/ST/STM32CubeIDE_1.7.0/STM32CubeIDE/plugins/com.st.stm32cube.ide.mcu.externaltools.gnu-tools-for-stm32.11.3.rel1.win32_1.1.0.202305231506/tools/bin/../lib/gcc/arm-none-eabi/11.3.1/thumb/v7e-m+dp/hard\libgcc.a(_dvmd_tls.o)
                0x0000000008000608                __aeabi_idiv0
                0x0000000008000608                __aeabi_ldiv0
 *(.text*)
 .text.MX_ADC1_Init
                0x000000000800060c      0x114 ./Core/Src/adc.o
                0x000000000800060c                MX_ADC1_Init
 .text.MX_ADC2_Init
                0x0000000008000720       0xcc ./Core/Src/adc.o
                0x0000000008000720                MX_ADC2_Init
 .text.MX_ADC3_Init
                0x00000000080007ec       0xfc ./Core/Src/adc.o
                0x00000000080007ec                MX_ADC3_Init
 .text.HAL_ADC_MspInit
                0x00000000080008e8      0x33c ./Core/Src/adc.o
                0x00000000080008e8                HAL_ADC_MspInit
 *fill*         0x0000000008000c24        0x4 
 .text.HAL_ADC_ConvCpltCallback
                0x0000000008000c28      0x320 ./Core/Src/adc.o
                0x0000000008000c28                HAL_ADC_ConvCpltCallback
 .text.ADC_Start
                0x0000000008000f48       0x40 ./Core/Src/adc.o
                0x0000000008000f48                ADC_Start
 .text.map1     0x0000000008000f88       0x6e ./Core/Src/adc.o
                0x0000000008000f88                map1
 .text.map2     0x0000000008000ff6       0x6e ./Core/Src/adc.o
                0x0000000008000ff6                map2
 .text.ASB_Heartbeat_Task
                0x0000000008001064       0x8c ./Core/Src/autonomous_mode.o
                0x0000000008001064                ASB_Heartbeat_Task
 .text.AS_Status_Task
                0x00000000080010f0      0x37c ./Core/Src/autonomous_mode.o
                0x00000000080010f0                AS_Status_Task
 .text.MX_DMA_Init
                0x000000000800146c       0x80 ./Core/Src/dma.o
                0x000000000800146c                MX_DMA_Init
 .text.MX_FDCAN1_Init
                0x00000000080014ec      0x150 ./Core/Src/fdcan.o
                0x00000000080014ec                MX_FDCAN1_Init
 .text.MX_FDCAN2_Init
                0x000000000800163c      0x150 ./Core/Src/fdcan.o
                0x000000000800163c                MX_FDCAN2_Init
 .text.MX_FDCAN3_Init
                0x000000000800178c      0x150 ./Core/Src/fdcan.o
                0x000000000800178c                MX_FDCAN3_Init
 .text.HAL_FDCAN_MspInit
                0x00000000080018dc      0x1e4 ./Core/Src/fdcan.o
                0x00000000080018dc                HAL_FDCAN_MspInit
 .text.HAL_FDCAN_RxFifo0Callback
                0x0000000008001ac0      0xa88 ./Core/Src/fdcan.o
                0x0000000008001ac0                HAL_FDCAN_RxFifo0Callback
 .text.HAL_FDCAN_RxFifo1Callback
                0x0000000008002548      0x214 ./Core/Src/fdcan.o
                0x0000000008002548                HAL_FDCAN_RxFifo1Callback
 .text.FDCAN_Tx
                0x000000000800275c      0x80c ./Core/Src/fdcan.o
                0x000000000800275c                FDCAN_Tx
 .text.FDCAN_Start
                0x0000000008002f68       0x98 ./Core/Src/fdcan.o
                0x0000000008002f68                FDCAN_Start
 .text.SoftwareTimersStart
                0x0000000008003000       0x48 ./Core/Src/fdcan.o
                0x0000000008003000                SoftwareTimersStart
 .text.MX_FREERTOS_Init
                0x0000000008003048      0x398 ./Core/Src/freertos.o
                0x0000000008003048                MX_FREERTOS_Init
 .text.StartDefaultTask
                0x00000000080033e0       0x10 ./Core/Src/freertos.o
                0x00000000080033e0                StartDefaultTask
 .text.Button_Pressed_Task
                0x00000000080033f0      0x1c8 ./Core/Src/freertos.o
                0x00000000080033f0                Button_Pressed_Task
 .text.Read_Inputs_Task
                0x00000000080035b8      0x30c ./Core/Src/freertos.o
                0x00000000080035b8                Read_Inputs_Task
 .text.Close_Shutdown_Task
                0x00000000080038c4      0x144 ./Core/Src/freertos.o
                0x00000000080038c4                Close_Shutdown_Task
 .text.Open_Shutdown_Task
                0x0000000008003a08      0x38c ./Core/Src/freertos.o
                0x0000000008003a08                Open_Shutdown_Task
 .text.Ready_To_Drive_Task
                0x0000000008003d94      0x150 ./Core/Src/freertos.o
                0x0000000008003d94                Ready_To_Drive_Task
 .text.Send_Once_Task
                0x0000000008003ee4       0x50 ./Core/Src/freertos.o
                0x0000000008003ee4                Send_Once_Task
 .text.Enable_Inverter_Task
                0x0000000008003f34       0xb4 ./Core/Src/freertos.o
                0x0000000008003f34                Enable_Inverter_Task
 .text.Disable_Inverter_Task
                0x0000000008003fe8       0xbc ./Core/Src/freertos.o
                0x0000000008003fe8                Disable_Inverter_Task
 *fill*         0x00000000080040a4        0x4 
 .text.Brake_Handler_Task
                0x00000000080040a8      0x228 ./Core/Src/freertos.o
                0x00000000080040a8                Brake_Handler_Task
 .text.APPS_Handler_Task
                0x00000000080042d0      0x190 ./Core/Src/freertos.o
                0x00000000080042d0                APPS_Handler_Task
 .text.Mission_Handler_Task
                0x0000000008004460      0x180 ./Core/Src/freertos.o
                0x0000000008004460                Mission_Handler_Task
 .text.Torque_Command_Task
                0x00000000080045e0      0x264 ./Core/Src/freertos.o
                0x00000000080045e0                Torque_Command_Task
 .text.Power_Limiter_Task
                0x0000000008004844       0x24 ./Core/Src/freertos.o
                0x0000000008004844                Power_Limiter_Task
 .text.Traction_Control_Task
                0x0000000008004868       0x1e ./Core/Src/freertos.o
                0x0000000008004868                Traction_Control_Task
 *fill*         0x0000000008004886        0x2 
 .text.Inverter_Rx_Requests_Task
                0x0000000008004888      0x218 ./Core/Src/freertos.o
                0x0000000008004888                Inverter_Rx_Requests_Task
 .text.Heartbeats_Task
                0x0000000008004aa0       0x1e ./Core/Src/freertos.o
                0x0000000008004aa0                Heartbeats_Task
 *fill*         0x0000000008004abe        0x2 
 .text.MX_GPIO_Init
                0x0000000008004ac0      0x27c ./Core/Src/gpio.o
                0x0000000008004ac0                MX_GPIO_Init
 .text.configureTimerForRunTimeStats
                0x0000000008004d3c       0x1c ./Core/Src/main.o
                0x0000000008004d3c                configureTimerForRunTimeStats
 .text.getRunTimeCounterValue
                0x0000000008004d58       0x18 ./Core/Src/main.o
                0x0000000008004d58                getRunTimeCounterValue
 .text.main     0x0000000008004d70       0x56 ./Core/Src/main.o
                0x0000000008004d70                main
 *fill*         0x0000000008004dc6        0x2 
 .text.SystemClock_Config
                0x0000000008004dc8       0xdc ./Core/Src/main.o
                0x0000000008004dc8                SystemClock_Config
 .text.PeriphCommonClock_Config
                0x0000000008004ea4       0x5e ./Core/Src/main.o
                0x0000000008004ea4                PeriphCommonClock_Config
 *fill*         0x0000000008004f02        0x2 
 .text.HAL_TIM_PeriodElapsedCallback
                0x0000000008004f04       0x94 ./Core/Src/main.o
                0x0000000008004f04                HAL_TIM_PeriodElapsedCallback
 .text.Error_Handler
                0x0000000008004f98        0xa ./Core/Src/main.o
                0x0000000008004f98                Error_Handler
 *fill*         0x0000000008004fa2        0x2 
 .text.HAL_MspInit
                0x0000000008004fa4       0x3c ./Core/Src/stm32h7xx_hal_msp.o
                0x0000000008004fa4                HAL_MspInit
 .text.HAL_InitTick
                0x0000000008004fe0       0xd8 ./Core/Src/stm32h7xx_hal_timebase_tim.o
                0x0000000008004fe0                HAL_InitTick
 .text.NMI_Handler
                0x00000000080050b8        0x6 ./Core/Src/stm32h7xx_it.o
                0x00000000080050b8                NMI_Handler
 .text.HardFault_Handler
                0x00000000080050be        0x6 ./Core/Src/stm32h7xx_it.o
                0x00000000080050be                HardFault_Handler
 .text.MemManage_Handler
                0x00000000080050c4        0x6 ./Core/Src/stm32h7xx_it.o
                0x00000000080050c4                MemManage_Handler
 .text.BusFault_Handler
                0x00000000080050ca        0x6 ./Core/Src/stm32h7xx_it.o
                0x00000000080050ca                BusFault_Handler
 .text.UsageFault_Handler
                0x00000000080050d0        0x6 ./Core/Src/stm32h7xx_it.o
                0x00000000080050d0                UsageFault_Handler
 .text.DebugMon_Handler
                0x00000000080050d6        0xe ./Core/Src/stm32h7xx_it.o
                0x00000000080050d6                DebugMon_Handler
 .text.DMA1_Stream1_IRQHandler
                0x00000000080050e4       0x14 ./Core/Src/stm32h7xx_it.o
                0x00000000080050e4                DMA1_Stream1_IRQHandler
 .text.DMA1_Stream2_IRQHandler
                0x00000000080050f8       0x14 ./Core/Src/stm32h7xx_it.o
                0x00000000080050f8                DMA1_Stream2_IRQHandler
 .text.FDCAN1_IT0_IRQHandler
                0x000000000800510c       0x14 ./Core/Src/stm32h7xx_it.o
                0x000000000800510c                FDCAN1_IT0_IRQHandler
 .text.FDCAN2_IT1_IRQHandler
                0x0000000008005120       0x14 ./Core/Src/stm32h7xx_it.o
                0x0000000008005120                FDCAN2_IT1_IRQHandler
 .text.TIM1_UP_IRQHandler
                0x0000000008005134       0x14 ./Core/Src/stm32h7xx_it.o
                0x0000000008005134                TIM1_UP_IRQHandler
 .text.TIM3_IRQHandler
                0x0000000008005148       0x14 ./Core/Src/stm32h7xx_it.o
                0x0000000008005148                TIM3_IRQHandler
 .text.TIM7_IRQHandler
                0x000000000800515c       0x20 ./Core/Src/stm32h7xx_it.o
                0x000000000800515c                TIM7_IRQHandler
 .text.DMA2_Stream0_IRQHandler
                0x000000000800517c       0x14 ./Core/Src/stm32h7xx_it.o
                0x000000000800517c                DMA2_Stream0_IRQHandler
 .text.FDCAN3_IT0_IRQHandler
                0x0000000008005190       0x14 ./Core/Src/stm32h7xx_it.o
                0x0000000008005190                FDCAN3_IT0_IRQHandler
 .text.TIM24_IRQHandler
                0x00000000080051a4       0x14 ./Core/Src/stm32h7xx_it.o
                0x00000000080051a4                TIM24_IRQHandler
 .text.SystemInit
                0x00000000080051b8       0xf0 ./Core/Src/system_stm32h7xx.o
                0x00000000080051b8                SystemInit
 .text.MX_TIM1_Init
                0x00000000080052a8      0x108 ./Core/Src/tim.o
                0x00000000080052a8                MX_TIM1_Init
 .text.MX_TIM3_Init
                0x00000000080053b0       0xe4 ./Core/Src/tim.o
                0x00000000080053b0                MX_TIM3_Init
 .text.MX_TIM24_Init
                0x0000000008005494       0xa8 ./Core/Src/tim.o
                0x0000000008005494                MX_TIM24_Init
 .text.HAL_TIM_Base_MspInit
                0x000000000800553c      0x124 ./Core/Src/tim.o
                0x000000000800553c                HAL_TIM_Base_MspInit
 .text.HAL_TIM_IC_MspInit
                0x0000000008005660       0xa4 ./Core/Src/tim.o
                0x0000000008005660                HAL_TIM_IC_MspInit
 *fill*         0x0000000008005704        0x4 
 .text.HAL_TIM_IC_CaptureCallback
                0x0000000008005708      0x328 ./Core/Src/tim.o
                0x0000000008005708                HAL_TIM_IC_CaptureCallback
 .text.HardwareTimersStart
                0x0000000008005a30       0x64 ./Core/Src/tim.o
                0x0000000008005a30                HardwareTimersStart
 .text.MX_USART6_UART_Init
                0x0000000008005a94       0x98 ./Core/Src/usart.o
                0x0000000008005a94                MX_USART6_UART_Init
 .text.HAL_UART_MspInit
                0x0000000008005b2c       0xd0 ./Core/Src/usart.o
                0x0000000008005b2c                HAL_UART_MspInit
 .text.Reset_Handler
                0x0000000008005bfc       0x50 ./Core/Startup/startup_stm32h723zgtx.o
                0x0000000008005bfc                Reset_Handler
 .text.Default_Handler
                0x0000000008005c4c        0x2 ./Core/Startup/startup_stm32h723zgtx.o
                0x0000000008005c4c                RTC_Alarm_IRQHandler
                0x0000000008005c4c                EXTI2_IRQHandler
                0x0000000008005c4c                TIM8_CC_IRQHandler
                0x0000000008005c4c                UART8_IRQHandler
                0x0000000008005c4c                SPI4_IRQHandler
                0x0000000008005c4c                TIM1_CC_IRQHandler
                0x0000000008005c4c                BDMA_Channel6_IRQHandler
                0x0000000008005c4c                DMA2_Stream5_IRQHandler
                0x0000000008005c4c                DMA1_Stream5_IRQHandler
                0x0000000008005c4c                CORDIC_IRQHandler
                0x0000000008005c4c                BDMA_Channel1_IRQHandler
                0x0000000008005c4c                TAMP_STAMP_IRQHandler
                0x0000000008005c4c                EXTI3_IRQHandler
                0x0000000008005c4c                LPTIM4_IRQHandler
                0x0000000008005c4c                TIM8_TRG_COM_TIM14_IRQHandler
                0x0000000008005c4c                LPTIM2_IRQHandler
                0x0000000008005c4c                DFSDM1_FLT1_IRQHandler
                0x0000000008005c4c                DMAMUX2_OVR_IRQHandler
                0x0000000008005c4c                TIM8_UP_TIM13_IRQHandler
                0x0000000008005c4c                I2C3_ER_IRQHandler
                0x0000000008005c4c                DFSDM1_FLT2_IRQHandler
                0x0000000008005c4c                I2C5_EV_IRQHandler
                0x0000000008005c4c                USART10_IRQHandler
                0x0000000008005c4c                MDMA_IRQHandler
                0x0000000008005c4c                LPTIM3_IRQHandler
                0x0000000008005c4c                HSEM1_IRQHandler
                0x0000000008005c4c                EXTI0_IRQHandler
                0x0000000008005c4c                I2C2_EV_IRQHandler
                0x0000000008005c4c                FPU_IRQHandler
                0x0000000008005c4c                OTG_HS_WKUP_IRQHandler
                0x0000000008005c4c                FDCAN1_IT1_IRQHandler
                0x0000000008005c4c                LTDC_ER_IRQHandler
                0x0000000008005c4c                DMA2_Stream2_IRQHandler
                0x0000000008005c4c                SPI1_IRQHandler
                0x0000000008005c4c                OCTOSPI1_IRQHandler
                0x0000000008005c4c                TIM6_DAC_IRQHandler
                0x0000000008005c4c                DMA2_Stream3_IRQHandler
                0x0000000008005c4c                OCTOSPI2_IRQHandler
                0x0000000008005c4c                DFSDM1_FLT3_IRQHandler
                0x0000000008005c4c                TIM23_IRQHandler
                0x0000000008005c4c                USART6_IRQHandler
                0x0000000008005c4c                TIM17_IRQHandler
                0x0000000008005c4c                USART3_IRQHandler
                0x0000000008005c4c                BDMA_Channel7_IRQHandler
                0x0000000008005c4c                LPTIM5_IRQHandler
                0x0000000008005c4c                UART5_IRQHandler
                0x0000000008005c4c                ADC3_IRQHandler
                0x0000000008005c4c                TIM4_IRQHandler
                0x0000000008005c4c                BDMA_Channel2_IRQHandler
                0x0000000008005c4c                I2C1_EV_IRQHandler
                0x0000000008005c4c                DMA1_Stream6_IRQHandler
                0x0000000008005c4c                DMAMUX1_OVR_IRQHandler
                0x0000000008005c4c                TIM16_IRQHandler
                0x0000000008005c4c                UART4_IRQHandler
                0x0000000008005c4c                BDMA_Channel5_IRQHandler
                0x0000000008005c4c                RCC_IRQHandler
                0x0000000008005c4c                UART9_IRQHandler
                0x0000000008005c4c                TIM8_BRK_TIM12_IRQHandler
                0x0000000008005c4c                TIM1_TRG_COM_IRQHandler
                0x0000000008005c4c                Default_Handler
                0x0000000008005c4c                ECC_IRQHandler
                0x0000000008005c4c                FMAC_IRQHandler
                0x0000000008005c4c                CEC_IRQHandler
                0x0000000008005c4c                EXTI15_10_IRQHandler
                0x0000000008005c4c                BDMA_Channel0_IRQHandler
                0x0000000008005c4c                ADC_IRQHandler
                0x0000000008005c4c                I2C5_ER_IRQHandler
                0x0000000008005c4c                DMA1_Stream7_IRQHandler
                0x0000000008005c4c                SPI5_IRQHandler
                0x0000000008005c4c                FDCAN3_IT1_IRQHandler
                0x0000000008005c4c                SDMMC1_IRQHandler
                0x0000000008005c4c                TIM5_IRQHandler
                0x0000000008005c4c                DMA2_Stream7_IRQHandler
                0x0000000008005c4c                TIM15_IRQHandler
                0x0000000008005c4c                PVD_AVD_IRQHandler
                0x0000000008005c4c                I2C3_EV_IRQHandler
                0x0000000008005c4c                EXTI9_5_IRQHandler
                0x0000000008005c4c                RTC_WKUP_IRQHandler
                0x0000000008005c4c                LTDC_IRQHandler
                0x0000000008005c4c                ETH_WKUP_IRQHandler
                0x0000000008005c4c                SPDIF_RX_IRQHandler
                0x0000000008005c4c                SPI2_IRQHandler
                0x0000000008005c4c                OTG_HS_EP1_IN_IRQHandler
                0x0000000008005c4c                DMA1_Stream0_IRQHandler
                0x0000000008005c4c                CRS_IRQHandler
                0x0000000008005c4c                EXTI4_IRQHandler
                0x0000000008005c4c                RNG_IRQHandler
                0x0000000008005c4c                ETH_IRQHandler
                0x0000000008005c4c                BDMA_Channel4_IRQHandler
                0x0000000008005c4c                OTG_HS_EP1_OUT_IRQHandler
                0x0000000008005c4c                WWDG_IRQHandler
                0x0000000008005c4c                SPI6_IRQHandler
                0x0000000008005c4c                MDIOS_IRQHandler
                0x0000000008005c4c                I2C4_EV_IRQHandler
                0x0000000008005c4c                FDCAN2_IT0_IRQHandler
                0x0000000008005c4c                LPUART1_IRQHandler
                0x0000000008005c4c                TIM2_IRQHandler
                0x0000000008005c4c                OTG_HS_IRQHandler
                0x0000000008005c4c                DMA2D_IRQHandler
                0x0000000008005c4c                TIM1_BRK_IRQHandler
                0x0000000008005c4c                EXTI1_IRQHandler
                0x0000000008005c4c                SDMMC2_IRQHandler
                0x0000000008005c4c                BDMA_Channel3_IRQHandler
                0x0000000008005c4c                DTS_IRQHandler
                0x0000000008005c4c                UART7_IRQHandler
                0x0000000008005c4c                MDIOS_WKUP_IRQHandler
                0x0000000008005c4c                USART2_IRQHandler
                0x0000000008005c4c                DFSDM1_FLT0_IRQHandler
                0x0000000008005c4c                SAI4_IRQHandler
                0x0000000008005c4c                I2C2_ER_IRQHandler
                0x0000000008005c4c                DMA2_Stream1_IRQHandler
                0x0000000008005c4c                FLASH_IRQHandler
                0x0000000008005c4c                DMA2_Stream4_IRQHandler
                0x0000000008005c4c                USART1_IRQHandler
                0x0000000008005c4c                SPI3_IRQHandler
                0x0000000008005c4c                WAKEUP_PIN_IRQHandler
                0x0000000008005c4c                DMA1_Stream4_IRQHandler
                0x0000000008005c4c                I2C1_ER_IRQHandler
                0x0000000008005c4c                FMC_IRQHandler
                0x0000000008005c4c                FDCAN_CAL_IRQHandler
                0x0000000008005c4c                SWPMI1_IRQHandler
                0x0000000008005c4c                COMP1_IRQHandler
                0x0000000008005c4c                LPTIM1_IRQHandler
                0x0000000008005c4c                DCMI_PSSI_IRQHandler
                0x0000000008005c4c                I2C4_ER_IRQHandler
                0x0000000008005c4c                DMA2_Stream6_IRQHandler
                0x0000000008005c4c                SAI1_IRQHandler
                0x0000000008005c4c                DMA1_Stream3_IRQHandler
 *fill*         0x0000000008005c4e        0x2 
 .text.HAL_Init
                0x0000000008005c50       0x78 ./Drivers/STM32H7xx_HAL_Driver/Src/stm32h7xx_hal.o
                0x0000000008005c50                HAL_Init
 .text.HAL_IncTick
                0x0000000008005cc8       0x28 ./Drivers/STM32H7xx_HAL_Driver/Src/stm32h7xx_hal.o
                0x0000000008005cc8                HAL_IncTick
 .text.HAL_GetTick
                0x0000000008005cf0       0x18 ./Drivers/STM32H7xx_HAL_Driver/Src/stm32h7xx_hal.o
                0x0000000008005cf0                HAL_GetTick
 .text.HAL_Delay
                0x0000000008005d08       0x48 ./Drivers/STM32H7xx_HAL_Driver/Src/stm32h7xx_hal.o
                0x0000000008005d08                HAL_Delay
 .text.HAL_SYSCFG_AnalogSwitchConfig
                0x0000000008005d50       0x2c ./Drivers/STM32H7xx_HAL_Driver/Src/stm32h7xx_hal.o
                0x0000000008005d50                HAL_SYSCFG_AnalogSwitchConfig
 .text.LL_ADC_SetCommonClock
                0x0000000008005d7c       0x26 ./Drivers/STM32H7xx_HAL_Driver/Src/stm32h7xx_hal_adc.o
 .text.LL_ADC_SetCommonPathInternalCh
                0x0000000008005da2       0x26 ./Drivers/STM32H7xx_HAL_Driver/Src/stm32h7xx_hal_adc.o
 .text.LL_ADC_GetCommonPathInternalCh
                0x0000000008005dc8       0x1c ./Drivers/STM32H7xx_HAL_Driver/Src/stm32h7xx_hal_adc.o
 .text.LL_ADC_SetOffset
                0x0000000008005de4       0x64 ./Drivers/STM32H7xx_HAL_Driver/Src/stm32h7xx_hal_adc.o
 .text.LL_ADC_GetOffsetChannel
                0x0000000008005e48       0x2c ./Drivers/STM32H7xx_HAL_Driver/Src/stm32h7xx_hal_adc.o
 .text.LL_ADC_SetDataRightShift
                0x0000000008005e74       0x32 ./Drivers/STM32H7xx_HAL_Driver/Src/stm32h7xx_hal_adc.o
 *fill*         0x0000000008005ea6        0x2 
 .text.LL_ADC_SetOffsetSignedSaturation
                0x0000000008005ea8       0x44 ./Drivers/STM32H7xx_HAL_Driver/Src/stm32h7xx_hal_adc.o
 .text.LL_ADC_SetOffsetSaturation
                0x0000000008005eec       0x44 ./Drivers/STM32H7xx_HAL_Driver/Src/stm32h7xx_hal_adc.o
 .text.LL_ADC_SetOffsetSign
                0x0000000008005f30       0x44 ./Drivers/STM32H7xx_HAL_Driver/Src/stm32h7xx_hal_adc.o
 .text.LL_ADC_SetOffsetState
                0x0000000008005f74       0x54 ./Drivers/STM32H7xx_HAL_Driver/Src/stm32h7xx_hal_adc.o
 .text.LL_ADC_REG_IsTriggerSourceSWStart
                0x0000000008005fc8       0x26 ./Drivers/STM32H7xx_HAL_Driver/Src/stm32h7xx_hal_adc.o
 .text.LL_ADC_REG_SetSequencerRanks
                0x0000000008005fee       0x58 ./Drivers/STM32H7xx_HAL_Driver/Src/stm32h7xx_hal_adc.o
 .text.LL_ADC_REG_SetDataTransferMode
                0x0000000008006046       0x26 ./Drivers/STM32H7xx_HAL_Driver/Src/stm32h7xx_hal_adc.o
 .text.LL_ADC_EnableDMAReq
                0x000000000800606c       0x20 ./Drivers/STM32H7xx_HAL_Driver/Src/stm32h7xx_hal_adc.o
 .text.LL_ADC_REG_SetDMATransferMode
                0x000000000800608c       0x34 ./Drivers/STM32H7xx_HAL_Driver/Src/stm32h7xx_hal_adc.o
 .text.LL_ADC_SetChannelSamplingTime
                0x00000000080060c0       0x56 ./Drivers/STM32H7xx_HAL_Driver/Src/stm32h7xx_hal_adc.o
 *fill*         0x0000000008006116        0x2 
 .text.LL_ADC_SetChannelSingleDiff
                0x0000000008006118       0x80 ./Drivers/STM32H7xx_HAL_Driver/Src/stm32h7xx_hal_adc.o
 .text.LL_ADC_GetMultimode
                0x0000000008006198       0x1c ./Drivers/STM32H7xx_HAL_Driver/Src/stm32h7xx_hal_adc.o
 .text.LL_ADC_DisableDeepPowerDown
                0x00000000080061b4       0x24 ./Drivers/STM32H7xx_HAL_Driver/Src/stm32h7xx_hal_adc.o
 .text.LL_ADC_IsDeepPowerDownEnabled
                0x00000000080061d8       0x28 ./Drivers/STM32H7xx_HAL_Driver/Src/stm32h7xx_hal_adc.o
 .text.LL_ADC_EnableInternalRegulator
                0x0000000008006200       0x28 ./Drivers/STM32H7xx_HAL_Driver/Src/stm32h7xx_hal_adc.o
 .text.LL_ADC_IsInternalRegulatorEnabled
                0x0000000008006228       0x28 ./Drivers/STM32H7xx_HAL_Driver/Src/stm32h7xx_hal_adc.o
 .text.LL_ADC_Enable
                0x0000000008006250       0x28 ./Drivers/STM32H7xx_HAL_Driver/Src/stm32h7xx_hal_adc.o
 .text.LL_ADC_IsEnabled
                0x0000000008006278       0x26 ./Drivers/STM32H7xx_HAL_Driver/Src/stm32h7xx_hal_adc.o
 *fill*         0x000000000800629e        0x2 
 .text.LL_ADC_REG_StartConversion
                0x00000000080062a0       0x28 ./Drivers/STM32H7xx_HAL_Driver/Src/stm32h7xx_hal_adc.o
 .text.LL_ADC_REG_IsConversionOngoing
                0x00000000080062c8       0x26 ./Drivers/STM32H7xx_HAL_Driver/Src/stm32h7xx_hal_adc.o
 .text.LL_ADC_INJ_IsConversionOngoing
                0x00000000080062ee       0x26 ./Drivers/STM32H7xx_HAL_Driver/Src/stm32h7xx_hal_adc.o
 .text.HAL_ADC_Init
                0x0000000008006314      0x410 ./Drivers/STM32H7xx_HAL_Driver/Src/stm32h7xx_hal_adc.o
                0x0000000008006314                HAL_ADC_Init
 .text.HAL_ADC_Start_DMA
                0x0000000008006724      0x1b8 ./Drivers/STM32H7xx_HAL_Driver/Src/stm32h7xx_hal_adc.o
                0x0000000008006724                HAL_ADC_Start_DMA
 .text.HAL_ADC_ConvHalfCpltCallback
                0x00000000080068dc       0x14 ./Drivers/STM32H7xx_HAL_Driver/Src/stm32h7xx_hal_adc.o
                0x00000000080068dc                HAL_ADC_ConvHalfCpltCallback
 .text.HAL_ADC_ErrorCallback
                0x00000000080068f0       0x14 ./Drivers/STM32H7xx_HAL_Driver/Src/stm32h7xx_hal_adc.o
                0x00000000080068f0                HAL_ADC_ErrorCallback
 .text.HAL_ADC_ConfigChannel
                0x0000000008006904      0xa58 ./Drivers/STM32H7xx_HAL_Driver/Src/stm32h7xx_hal_adc.o
                0x0000000008006904                HAL_ADC_ConfigChannel
 .text.ADC_Enable
                0x000000000800735c      0x114 ./Drivers/STM32H7xx_HAL_Driver/Src/stm32h7xx_hal_adc.o
                0x000000000800735c                ADC_Enable
 .text.ADC_DMAConvCplt
                0x0000000008007470       0xd8 ./Drivers/STM32H7xx_HAL_Driver/Src/stm32h7xx_hal_adc.o
                0x0000000008007470                ADC_DMAConvCplt
 .text.ADC_DMAHalfConvCplt
                0x0000000008007548       0x1c ./Drivers/STM32H7xx_HAL_Driver/Src/stm32h7xx_hal_adc.o
                0x0000000008007548                ADC_DMAHalfConvCplt
 .text.ADC_DMAError
                0x0000000008007564       0x34 ./Drivers/STM32H7xx_HAL_Driver/Src/stm32h7xx_hal_adc.o
                0x0000000008007564                ADC_DMAError
 .text.ADC_ConfigureBoostMode
                0x0000000008007598      0x1dc ./Drivers/STM32H7xx_HAL_Driver/Src/stm32h7xx_hal_adc.o
                0x0000000008007598                ADC_ConfigureBoostMode
 .text.LL_ADC_IsEnabled
                0x0000000008007774       0x26 ./Drivers/STM32H7xx_HAL_Driver/Src/stm32h7xx_hal_adc_ex.o
 .text.LL_ADC_REG_IsConversionOngoing
                0x000000000800779a       0x26 ./Drivers/STM32H7xx_HAL_Driver/Src/stm32h7xx_hal_adc_ex.o
 .text.HAL_ADCEx_MultiModeConfigChannel
                0x00000000080077c0      0x1c4 ./Drivers/STM32H7xx_HAL_Driver/Src/stm32h7xx_hal_adc_ex.o
                0x00000000080077c0                HAL_ADCEx_MultiModeConfigChannel
 .text.__NVIC_SetPriorityGrouping
                0x0000000008007984       0x48 ./Drivers/STM32H7xx_HAL_Driver/Src/stm32h7xx_hal_cortex.o
 .text.__NVIC_GetPriorityGrouping
                0x00000000080079cc       0x1c ./Drivers/STM32H7xx_HAL_Driver/Src/stm32h7xx_hal_cortex.o
 .text.__NVIC_EnableIRQ
                0x00000000080079e8       0x3c ./Drivers/STM32H7xx_HAL_Driver/Src/stm32h7xx_hal_cortex.o
 .text.__NVIC_SetPriority
                0x0000000008007a24       0x54 ./Drivers/STM32H7xx_HAL_Driver/Src/stm32h7xx_hal_cortex.o
 .text.NVIC_EncodePriority
                0x0000000008007a78       0x66 ./Drivers/STM32H7xx_HAL_Driver/Src/stm32h7xx_hal_cortex.o
 .text.HAL_NVIC_SetPriorityGrouping
                0x0000000008007ade       0x16 ./Drivers/STM32H7xx_HAL_Driver/Src/stm32h7xx_hal_cortex.o
                0x0000000008007ade                HAL_NVIC_SetPriorityGrouping
 .text.HAL_NVIC_SetPriority
                0x0000000008007af4       0x34 ./Drivers/STM32H7xx_HAL_Driver/Src/stm32h7xx_hal_cortex.o
                0x0000000008007af4                HAL_NVIC_SetPriority
 .text.HAL_NVIC_EnableIRQ
                0x0000000008007b28       0x1c ./Drivers/STM32H7xx_HAL_Driver/Src/stm32h7xx_hal_cortex.o
                0x0000000008007b28                HAL_NVIC_EnableIRQ
 .text.HAL_DMA_Init
                0x0000000008007b44      0x6b0 ./Drivers/STM32H7xx_HAL_Driver/Src/stm32h7xx_hal_dma.o
                0x0000000008007b44                HAL_DMA_Init
 .text.HAL_DMA_Start_IT
                0x00000000080081f4      0x4d4 ./Drivers/STM32H7xx_HAL_Driver/Src/stm32h7xx_hal_dma.o
                0x00000000080081f4                HAL_DMA_Start_IT
 .text.HAL_DMA_IRQHandler
                0x00000000080086c8      0xe54 ./Drivers/STM32H7xx_HAL_Driver/Src/stm32h7xx_hal_dma.o
                0x00000000080086c8                HAL_DMA_IRQHandler
 .text.DMA_SetConfig
                0x000000000800951c      0x358 ./Drivers/STM32H7xx_HAL_Driver/Src/stm32h7xx_hal_dma.o
 .text.DMA_CalcBaseAndBitshift
                0x0000000008009874      0x164 ./Drivers/STM32H7xx_HAL_Driver/Src/stm32h7xx_hal_dma.o
 .text.DMA_CheckFifoParam
                0x00000000080099d8       0xf8 ./Drivers/STM32H7xx_HAL_Driver/Src/stm32h7xx_hal_dma.o
 .text.DMA_CalcDMAMUXChannelBaseAndMask
                0x0000000008009ad0      0x134 ./Drivers/STM32H7xx_HAL_Driver/Src/stm32h7xx_hal_dma.o
 .text.DMA_CalcDMAMUXRequestGenBaseAndMask
                0x0000000008009c04       0xe8 ./Drivers/STM32H7xx_HAL_Driver/Src/stm32h7xx_hal_dma.o
 .text.HAL_FDCAN_Init
                0x0000000008009cec      0x3bc ./Drivers/STM32H7xx_HAL_Driver/Src/stm32h7xx_hal_fdcan.o
                0x0000000008009cec                HAL_FDCAN_Init
 .text.HAL_FDCAN_ConfigFilter
                0x000000000800a0a8       0xec ./Drivers/STM32H7xx_HAL_Driver/Src/stm32h7xx_hal_fdcan.o
                0x000000000800a0a8                HAL_FDCAN_ConfigFilter
 .text.HAL_FDCAN_ConfigGlobalFilter
                0x000000000800a194       0x5a ./Drivers/STM32H7xx_HAL_Driver/Src/stm32h7xx_hal_fdcan.o
                0x000000000800a194                HAL_FDCAN_ConfigGlobalFilter
 .text.HAL_FDCAN_ConfigRxFifoOverwrite
                0x000000000800a1ee       0x72 ./Drivers/STM32H7xx_HAL_Driver/Src/stm32h7xx_hal_fdcan.o
                0x000000000800a1ee                HAL_FDCAN_ConfigRxFifoOverwrite
 .text.HAL_FDCAN_Start
                0x000000000800a260       0x56 ./Drivers/STM32H7xx_HAL_Driver/Src/stm32h7xx_hal_fdcan.o
                0x000000000800a260                HAL_FDCAN_Start
 .text.HAL_FDCAN_AddMessageToTxFifoQ
                0x000000000800a2b6       0xb6 ./Drivers/STM32H7xx_HAL_Driver/Src/stm32h7xx_hal_fdcan.o
                0x000000000800a2b6                HAL_FDCAN_AddMessageToTxFifoQ
 .text.HAL_FDCAN_GetLatestTxFifoQRequestBuffer
                0x000000000800a36c       0x1a ./Drivers/STM32H7xx_HAL_Driver/Src/stm32h7xx_hal_fdcan.o
                0x000000000800a36c                HAL_FDCAN_GetLatestTxFifoQRequestBuffer
 .text.HAL_FDCAN_AbortTxRequest
                0x000000000800a386       0x42 ./Drivers/STM32H7xx_HAL_Driver/Src/stm32h7xx_hal_fdcan.o
                0x000000000800a386                HAL_FDCAN_AbortTxRequest
 .text.HAL_FDCAN_GetRxMessage
                0x000000000800a3c8      0x2dc ./Drivers/STM32H7xx_HAL_Driver/Src/stm32h7xx_hal_fdcan.o
                0x000000000800a3c8                HAL_FDCAN_GetRxMessage
 .text.HAL_FDCAN_GetProtocolStatus
                0x000000000800a6a4       0xa0 ./Drivers/STM32H7xx_HAL_Driver/Src/stm32h7xx_hal_fdcan.o
                0x000000000800a6a4                HAL_FDCAN_GetProtocolStatus
 .text.HAL_FDCAN_GetErrorCounters
                0x000000000800a744       0x4a ./Drivers/STM32H7xx_HAL_Driver/Src/stm32h7xx_hal_fdcan.o
                0x000000000800a744                HAL_FDCAN_GetErrorCounters
 .text.HAL_FDCAN_IsTxBufferMessagePending
                0x000000000800a78e       0x2c ./Drivers/STM32H7xx_HAL_Driver/Src/stm32h7xx_hal_fdcan.o
                0x000000000800a78e                HAL_FDCAN_IsTxBufferMessagePending
 .text.HAL_FDCAN_GetTxFifoFreeLevel
                0x000000000800a7ba       0x24 ./Drivers/STM32H7xx_HAL_Driver/Src/stm32h7xx_hal_fdcan.o
                0x000000000800a7ba                HAL_FDCAN_GetTxFifoFreeLevel
 .text.HAL_FDCAN_IsRestrictedOperationMode
                0x000000000800a7de       0x24 ./Drivers/STM32H7xx_HAL_Driver/Src/stm32h7xx_hal_fdcan.o
                0x000000000800a7de                HAL_FDCAN_IsRestrictedOperationMode
 .text.HAL_FDCAN_ConfigInterruptLines
                0x000000000800a802       0x6c ./Drivers/STM32H7xx_HAL_Driver/Src/stm32h7xx_hal_fdcan.o
                0x000000000800a802                HAL_FDCAN_ConfigInterruptLines
 *fill*         0x000000000800a86e        0x2 
 .text.HAL_FDCAN_ActivateNotification
                0x000000000800a870       0xf4 ./Drivers/STM32H7xx_HAL_Driver/Src/stm32h7xx_hal_fdcan.o
                0x000000000800a870                HAL_FDCAN_ActivateNotification
 .text.HAL_FDCAN_IRQHandler
                0x000000000800a964      0x498 ./Drivers/STM32H7xx_HAL_Driver/Src/stm32h7xx_hal_fdcan.o
                0x000000000800a964                HAL_FDCAN_IRQHandler
 .text.HAL_FDCAN_ClockCalibrationCallback
                0x000000000800adfc       0x16 ./Drivers/STM32H7xx_HAL_Driver/Src/stm32h7xx_hal_fdcan.o
                0x000000000800adfc                HAL_FDCAN_ClockCalibrationCallback
 .text.HAL_FDCAN_TxEventFifoCallback
                0x000000000800ae12       0x16 ./Drivers/STM32H7xx_HAL_Driver/Src/stm32h7xx_hal_fdcan.o
                0x000000000800ae12                HAL_FDCAN_TxEventFifoCallback
 .text.HAL_FDCAN_TxFifoEmptyCallback
                0x000000000800ae28       0x14 ./Drivers/STM32H7xx_HAL_Driver/Src/stm32h7xx_hal_fdcan.o
                0x000000000800ae28                HAL_FDCAN_TxFifoEmptyCallback
 .text.HAL_FDCAN_TxBufferCompleteCallback
                0x000000000800ae3c       0x16 ./Drivers/STM32H7xx_HAL_Driver/Src/stm32h7xx_hal_fdcan.o
                0x000000000800ae3c                HAL_FDCAN_TxBufferCompleteCallback
 .text.HAL_FDCAN_TxBufferAbortCallback
                0x000000000800ae52       0x16 ./Drivers/STM32H7xx_HAL_Driver/Src/stm32h7xx_hal_fdcan.o
                0x000000000800ae52                HAL_FDCAN_TxBufferAbortCallback
 .text.HAL_FDCAN_RxBufferNewMessageCallback
                0x000000000800ae68       0x14 ./Drivers/STM32H7xx_HAL_Driver/Src/stm32h7xx_hal_fdcan.o
                0x000000000800ae68                HAL_FDCAN_RxBufferNewMessageCallback
 .text.HAL_FDCAN_TimestampWraparoundCallback
                0x000000000800ae7c       0x14 ./Drivers/STM32H7xx_HAL_Driver/Src/stm32h7xx_hal_fdcan.o
                0x000000000800ae7c                HAL_FDCAN_TimestampWraparoundCallback
 .text.HAL_FDCAN_TimeoutOccurredCallback
                0x000000000800ae90       0x14 ./Drivers/STM32H7xx_HAL_Driver/Src/stm32h7xx_hal_fdcan.o
                0x000000000800ae90                HAL_FDCAN_TimeoutOccurredCallback
 .text.HAL_FDCAN_HighPriorityMessageCallback
                0x000000000800aea4       0x14 ./Drivers/STM32H7xx_HAL_Driver/Src/stm32h7xx_hal_fdcan.o
                0x000000000800aea4                HAL_FDCAN_HighPriorityMessageCallback
 .text.HAL_FDCAN_ErrorCallback
                0x000000000800aeb8       0x14 ./Drivers/STM32H7xx_HAL_Driver/Src/stm32h7xx_hal_fdcan.o
                0x000000000800aeb8                HAL_FDCAN_ErrorCallback
 .text.HAL_FDCAN_ErrorStatusCallback
                0x000000000800aecc       0x16 ./Drivers/STM32H7xx_HAL_Driver/Src/stm32h7xx_hal_fdcan.o
                0x000000000800aecc                HAL_FDCAN_ErrorStatusCallback
 .text.HAL_FDCAN_TT_ScheduleSyncCallback
                0x000000000800aee2       0x16 ./Drivers/STM32H7xx_HAL_Driver/Src/stm32h7xx_hal_fdcan.o
                0x000000000800aee2                HAL_FDCAN_TT_ScheduleSyncCallback
 .text.HAL_FDCAN_TT_TimeMarkCallback
                0x000000000800aef8       0x16 ./Drivers/STM32H7xx_HAL_Driver/Src/stm32h7xx_hal_fdcan.o
                0x000000000800aef8                HAL_FDCAN_TT_TimeMarkCallback
 .text.HAL_FDCAN_TT_StopWatchCallback
                0x000000000800af0e       0x18 ./Drivers/STM32H7xx_HAL_Driver/Src/stm32h7xx_hal_fdcan.o
                0x000000000800af0e                HAL_FDCAN_TT_StopWatchCallback
 .text.HAL_FDCAN_TT_GlobalTimeCallback
                0x000000000800af26       0x16 ./Drivers/STM32H7xx_HAL_Driver/Src/stm32h7xx_hal_fdcan.o
                0x000000000800af26                HAL_FDCAN_TT_GlobalTimeCallback
 .text.FDCAN_CalcultateRamBlockAddresses
                0x000000000800af3c      0x30c ./Drivers/STM32H7xx_HAL_Driver/Src/stm32h7xx_hal_fdcan.o
 .text.FDCAN_CopyMessageToRAM
                0x000000000800b248       0xfc ./Drivers/STM32H7xx_HAL_Driver/Src/stm32h7xx_hal_fdcan.o
 .text.HAL_GPIO_Init
                0x000000000800b344      0x350 ./Drivers/STM32H7xx_HAL_Driver/Src/stm32h7xx_hal_gpio.o
                0x000000000800b344                HAL_GPIO_Init
 .text.HAL_GPIO_ReadPin
                0x000000000800b694       0x30 ./Drivers/STM32H7xx_HAL_Driver/Src/stm32h7xx_hal_gpio.o
                0x000000000800b694                HAL_GPIO_ReadPin
 .text.HAL_GPIO_WritePin
                0x000000000800b6c4       0x32 ./Drivers/STM32H7xx_HAL_Driver/Src/stm32h7xx_hal_gpio.o
                0x000000000800b6c4                HAL_GPIO_WritePin
 .text.HAL_GPIO_TogglePin
                0x000000000800b6f6       0x34 ./Drivers/STM32H7xx_HAL_Driver/Src/stm32h7xx_hal_gpio.o
                0x000000000800b6f6                HAL_GPIO_TogglePin
 *fill*         0x000000000800b72a        0x2 
 .text.HAL_PWREx_ConfigSupply
                0x000000000800b72c       0x74 ./Drivers/STM32H7xx_HAL_Driver/Src/stm32h7xx_hal_pwr_ex.o
                0x000000000800b72c                HAL_PWREx_ConfigSupply
 .text.HAL_RCC_OscConfig
                0x000000000800b7a0      0x7b4 ./Drivers/STM32H7xx_HAL_Driver/Src/stm32h7xx_hal_rcc.o
                0x000000000800b7a0                HAL_RCC_OscConfig
 .text.HAL_RCC_ClockConfig
                0x000000000800bf54      0x36c ./Drivers/STM32H7xx_HAL_Driver/Src/stm32h7xx_hal_rcc.o
                0x000000000800bf54                HAL_RCC_ClockConfig
 .text.HAL_RCC_GetSysClockFreq
                0x000000000800c2c0      0x2f4 ./Drivers/STM32H7xx_HAL_Driver/Src/stm32h7xx_hal_rcc.o
                0x000000000800c2c0                HAL_RCC_GetSysClockFreq
 .text.HAL_RCC_GetHCLKFreq
                0x000000000800c5b4       0x60 ./Drivers/STM32H7xx_HAL_Driver/Src/stm32h7xx_hal_rcc.o
                0x000000000800c5b4                HAL_RCC_GetHCLKFreq
 .text.HAL_RCC_GetPCLK1Freq
                0x000000000800c614       0x2c ./Drivers/STM32H7xx_HAL_Driver/Src/stm32h7xx_hal_rcc.o
                0x000000000800c614                HAL_RCC_GetPCLK1Freq
 .text.HAL_RCC_GetPCLK2Freq
                0x000000000800c640       0x2c ./Drivers/STM32H7xx_HAL_Driver/Src/stm32h7xx_hal_rcc.o
                0x000000000800c640                HAL_RCC_GetPCLK2Freq
 .text.HAL_RCC_GetClockConfig
                0x000000000800c66c       0x84 ./Drivers/STM32H7xx_HAL_Driver/Src/stm32h7xx_hal_rcc.o
                0x000000000800c66c                HAL_RCC_GetClockConfig
 .text.HAL_RCCEx_PeriphCLKConfig
                0x000000000800c6f0     0x1340 ./Drivers/STM32H7xx_HAL_Driver/Src/stm32h7xx_hal_rcc_ex.o
                0x000000000800c6f0                HAL_RCCEx_PeriphCLKConfig
 .text.HAL_RCCEx_GetPeriphCLKFreq
                0x000000000800da30      0x9a4 ./Drivers/STM32H7xx_HAL_Driver/Src/stm32h7xx_hal_rcc_ex.o
                0x000000000800da30                HAL_RCCEx_GetPeriphCLKFreq
 .text.HAL_RCCEx_GetD3PCLK1Freq
                0x000000000800e3d4       0x2c ./Drivers/STM32H7xx_HAL_Driver/Src/stm32h7xx_hal_rcc_ex.o
                0x000000000800e3d4                HAL_RCCEx_GetD3PCLK1Freq
 .text.HAL_RCCEx_GetPLL2ClockFreq
                0x000000000800e400      0x2a8 ./Drivers/STM32H7xx_HAL_Driver/Src/stm32h7xx_hal_rcc_ex.o
                0x000000000800e400                HAL_RCCEx_GetPLL2ClockFreq
 .text.HAL_RCCEx_GetPLL3ClockFreq
                0x000000000800e6a8      0x2a8 ./Drivers/STM32H7xx_HAL_Driver/Src/stm32h7xx_hal_rcc_ex.o
                0x000000000800e6a8                HAL_RCCEx_GetPLL3ClockFreq
 .text.HAL_RCCEx_GetPLL1ClockFreq
                0x000000000800e950      0x2a4 ./Drivers/STM32H7xx_HAL_Driver/Src/stm32h7xx_hal_rcc_ex.o
                0x000000000800e950                HAL_RCCEx_GetPLL1ClockFreq
 .text.RCCEx_PLL2_Config
                0x000000000800ebf4      0x164 ./Drivers/STM32H7xx_HAL_Driver/Src/stm32h7xx_hal_rcc_ex.o
 .text.RCCEx_PLL3_Config
                0x000000000800ed58      0x164 ./Drivers/STM32H7xx_HAL_Driver/Src/stm32h7xx_hal_rcc_ex.o
 .text.HAL_TIM_Base_Init
                0x000000000800eebc       0xae ./Drivers/STM32H7xx_HAL_Driver/Src/stm32h7xx_hal_tim.o
                0x000000000800eebc                HAL_TIM_Base_Init
 *fill*         0x000000000800ef6a        0x2 
 .text.HAL_TIM_Base_Start_IT
                0x000000000800ef6c      0x10c ./Drivers/STM32H7xx_HAL_Driver/Src/stm32h7xx_hal_tim.o
                0x000000000800ef6c                HAL_TIM_Base_Start_IT
 .text.HAL_TIM_IC_Init
                0x000000000800f078       0xae ./Drivers/STM32H7xx_HAL_Driver/Src/stm32h7xx_hal_tim.o
                0x000000000800f078                HAL_TIM_IC_Init
 *fill*         0x000000000800f126        0x2 
 .text.HAL_TIM_IC_Start_IT
                0x000000000800f128      0x2bc ./Drivers/STM32H7xx_HAL_Driver/Src/stm32h7xx_hal_tim.o
                0x000000000800f128                HAL_TIM_IC_Start_IT
 .text.HAL_TIM_IRQHandler
                0x000000000800f3e4      0x23e ./Drivers/STM32H7xx_HAL_Driver/Src/stm32h7xx_hal_tim.o
                0x000000000800f3e4                HAL_TIM_IRQHandler
 .text.HAL_TIM_IC_ConfigChannel
                0x000000000800f622      0x138 ./Drivers/STM32H7xx_HAL_Driver/Src/stm32h7xx_hal_tim.o
                0x000000000800f622                HAL_TIM_IC_ConfigChannel
 *fill*         0x000000000800f75a        0x2 
 .text.HAL_TIM_ConfigClockSource
                0x000000000800f75c      0x1f0 ./Drivers/STM32H7xx_HAL_Driver/Src/stm32h7xx_hal_tim.o
                0x000000000800f75c                HAL_TIM_ConfigClockSource
 .text.HAL_TIM_OC_DelayElapsedCallback
                0x000000000800f94c       0x14 ./Drivers/STM32H7xx_HAL_Driver/Src/stm32h7xx_hal_tim.o
                0x000000000800f94c                HAL_TIM_OC_DelayElapsedCallback
 .text.HAL_TIM_PWM_PulseFinishedCallback
                0x000000000800f960       0x14 ./Drivers/STM32H7xx_HAL_Driver/Src/stm32h7xx_hal_tim.o
                0x000000000800f960                HAL_TIM_PWM_PulseFinishedCallback
 .text.HAL_TIM_TriggerCallback
                0x000000000800f974       0x14 ./Drivers/STM32H7xx_HAL_Driver/Src/stm32h7xx_hal_tim.o
                0x000000000800f974                HAL_TIM_TriggerCallback
 .text.TIM_Base_SetConfig
                0x000000000800f988      0x14c ./Drivers/STM32H7xx_HAL_Driver/Src/stm32h7xx_hal_tim.o
                0x000000000800f988                TIM_Base_SetConfig
 .text.TIM_TI1_SetConfig
                0x000000000800fad4      0x100 ./Drivers/STM32H7xx_HAL_Driver/Src/stm32h7xx_hal_tim.o
                0x000000000800fad4                TIM_TI1_SetConfig
 .text.TIM_TI1_ConfigInputStage
                0x000000000800fbd4       0x5e ./Drivers/STM32H7xx_HAL_Driver/Src/stm32h7xx_hal_tim.o
 .text.TIM_TI2_SetConfig
                0x000000000800fc32       0x7a ./Drivers/STM32H7xx_HAL_Driver/Src/stm32h7xx_hal_tim.o
 .text.TIM_TI2_ConfigInputStage
                0x000000000800fcac       0x60 ./Drivers/STM32H7xx_HAL_Driver/Src/stm32h7xx_hal_tim.o
 .text.TIM_TI3_SetConfig
                0x000000000800fd0c       0x78 ./Drivers/STM32H7xx_HAL_Driver/Src/stm32h7xx_hal_tim.o
 .text.TIM_TI4_SetConfig
                0x000000000800fd84       0x7a ./Drivers/STM32H7xx_HAL_Driver/Src/stm32h7xx_hal_tim.o
 *fill*         0x000000000800fdfe        0x2 
 .text.TIM_ITRx_SetConfig
                0x000000000800fe00       0x3c ./Drivers/STM32H7xx_HAL_Driver/Src/stm32h7xx_hal_tim.o
 .text.TIM_ETR_SetConfig
                0x000000000800fe3c       0x40 ./Drivers/STM32H7xx_HAL_Driver/Src/stm32h7xx_hal_tim.o
                0x000000000800fe3c                TIM_ETR_SetConfig
 .text.TIM_CCxChannelCmd
                0x000000000800fe7c       0x4a ./Drivers/STM32H7xx_HAL_Driver/Src/stm32h7xx_hal_tim.o
                0x000000000800fe7c                TIM_CCxChannelCmd
 *fill*         0x000000000800fec6        0x2 
 .text.HAL_TIMEx_MasterConfigSynchronization
                0x000000000800fec8      0x138 ./Drivers/STM32H7xx_HAL_Driver/Src/stm32h7xx_hal_tim_ex.o
                0x000000000800fec8                HAL_TIMEx_MasterConfigSynchronization
 .text.HAL_TIMEx_CommutCallback
                0x0000000008010000       0x14 ./Drivers/STM32H7xx_HAL_Driver/Src/stm32h7xx_hal_tim_ex.o
                0x0000000008010000                HAL_TIMEx_CommutCallback
 .text.HAL_TIMEx_BreakCallback
                0x0000000008010014       0x14 ./Drivers/STM32H7xx_HAL_Driver/Src/stm32h7xx_hal_tim_ex.o
                0x0000000008010014                HAL_TIMEx_BreakCallback
 .text.HAL_TIMEx_Break2Callback
                0x0000000008010028       0x14 ./Drivers/STM32H7xx_HAL_Driver/Src/stm32h7xx_hal_tim_ex.o
                0x0000000008010028                HAL_TIMEx_Break2Callback
 .text.HAL_UART_Init
                0x000000000801003c       0xa0 ./Drivers/STM32H7xx_HAL_Driver/Src/stm32h7xx_hal_uart.o
                0x000000000801003c                HAL_UART_Init
 .text.UART_SetConfig
                0x00000000080100dc      0xcd8 ./Drivers/STM32H7xx_HAL_Driver/Src/stm32h7xx_hal_uart.o
                0x00000000080100dc                UART_SetConfig
 .text.UART_AdvFeatureConfig
                0x0000000008010db4      0x144 ./Drivers/STM32H7xx_HAL_Driver/Src/stm32h7xx_hal_uart.o
                0x0000000008010db4                UART_AdvFeatureConfig
 .text.UART_CheckIdleState
                0x0000000008010ef8      0x154 ./Drivers/STM32H7xx_HAL_Driver/Src/stm32h7xx_hal_uart.o
                0x0000000008010ef8                UART_CheckIdleState
 .text.UART_WaitOnFlagUntilTimeout
                0x000000000801104c       0xce ./Drivers/STM32H7xx_HAL_Driver/Src/stm32h7xx_hal_uart.o
                0x000000000801104c                UART_WaitOnFlagUntilTimeout
 *fill*         0x000000000801111a        0x2 
 .text.UART_EndRxTransfer
                0x000000000801111c       0xcc ./Drivers/STM32H7xx_HAL_Driver/Src/stm32h7xx_hal_uart.o
 .text.HAL_UARTEx_DisableFifoMode
                0x00000000080111e8       0x72 ./Drivers/STM32H7xx_HAL_Driver/Src/stm32h7xx_hal_uart_ex.o
                0x00000000080111e8                HAL_UARTEx_DisableFifoMode
 .text.HAL_UARTEx_SetTxFifoThreshold
                0x000000000801125a       0x7c ./Drivers/STM32H7xx_HAL_Driver/Src/stm32h7xx_hal_uart_ex.o
                0x000000000801125a                HAL_UARTEx_SetTxFifoThreshold
 .text.HAL_UARTEx_SetRxFifoThreshold
                0x00000000080112d6       0x7c ./Drivers/STM32H7xx_HAL_Driver/Src/stm32h7xx_hal_uart_ex.o
                0x00000000080112d6                HAL_UARTEx_SetRxFifoThreshold
 *fill*         0x0000000008011352        0x2 
 .text.UARTEx_SetNbDataToProcess
                0x0000000008011354       0x9c ./Drivers/STM32H7xx_HAL_Driver/Src/stm32h7xx_hal_uart_ex.o
 .text.__NVIC_SetPriority
                0x00000000080113f0       0x54 ./Middlewares/Third_Party/FreeRTOS/Source/CMSIS_RTOS_V2/cmsis_os2.o
 .text.SysTick_Handler
                0x0000000008011444       0x20 ./Middlewares/Third_Party/FreeRTOS/Source/CMSIS_RTOS_V2/cmsis_os2.o
                0x0000000008011444                SysTick_Handler
 .text.SVC_Setup
                0x0000000008011464       0x12 ./Middlewares/Third_Party/FreeRTOS/Source/CMSIS_RTOS_V2/cmsis_os2.o
 *fill*         0x0000000008011476        0x2 
 .text.osKernelInitialize
                0x0000000008011478       0x48 ./Middlewares/Third_Party/FreeRTOS/Source/CMSIS_RTOS_V2/cmsis_os2.o
                0x0000000008011478                osKernelInitialize
 .text.osKernelStart
                0x00000000080114c0       0x4c ./Middlewares/Third_Party/FreeRTOS/Source/CMSIS_RTOS_V2/cmsis_os2.o
                0x00000000080114c0                osKernelStart
 .text.osThreadNew
                0x000000000801150c      0x124 ./Middlewares/Third_Party/FreeRTOS/Source/CMSIS_RTOS_V2/cmsis_os2.o
                0x000000000801150c                osThreadNew
 .text.osDelay  0x0000000008011630       0x36 ./Middlewares/Third_Party/FreeRTOS/Source/CMSIS_RTOS_V2/cmsis_os2.o
                0x0000000008011630                osDelay
 *fill*         0x0000000008011666        0x2 
 .text.vApplicationGetIdleTaskMemory
                0x0000000008011668       0x34 ./Middlewares/Third_Party/FreeRTOS/Source/CMSIS_RTOS_V2/cmsis_os2.o
                0x0000000008011668                vApplicationGetIdleTaskMemory
 .text.vApplicationGetTimerTaskMemory
                0x000000000801169c       0x34 ./Middlewares/Third_Party/FreeRTOS/Source/CMSIS_RTOS_V2/cmsis_os2.o
                0x000000000801169c                vApplicationGetTimerTaskMemory
 .text.xEventGroupCreate
                0x00000000080116d0       0x34 ./Middlewares/Third_Party/FreeRTOS/Source/event_groups.o
                0x00000000080116d0                xEventGroupCreate
 .text.xEventGroupWaitBits
                0x0000000008011704      0x19c ./Middlewares/Third_Party/FreeRTOS/Source/event_groups.o
                0x0000000008011704                xEventGroupWaitBits
 .text.xEventGroupClearBits
                0x00000000080118a0       0x70 ./Middlewares/Third_Party/FreeRTOS/Source/event_groups.o
                0x00000000080118a0                xEventGroupClearBits
 .text.xEventGroupClearBitsFromISR
                0x0000000008011910       0x28 ./Middlewares/Third_Party/FreeRTOS/Source/event_groups.o
                0x0000000008011910                xEventGroupClearBitsFromISR
 .text.xEventGroupSetBits
                0x0000000008011938      0x116 ./Middlewares/Third_Party/FreeRTOS/Source/event_groups.o
                0x0000000008011938                xEventGroupSetBits
 .text.vEventGroupSetBitsCallback
                0x0000000008011a4e       0x1a ./Middlewares/Third_Party/FreeRTOS/Source/event_groups.o
                0x0000000008011a4e                vEventGroupSetBitsCallback
 .text.vEventGroupClearBitsCallback
                0x0000000008011a68       0x1a ./Middlewares/Third_Party/FreeRTOS/Source/event_groups.o
                0x0000000008011a68                vEventGroupClearBitsCallback
 .text.prvTestWaitCondition
                0x0000000008011a82       0x44 ./Middlewares/Third_Party/FreeRTOS/Source/event_groups.o
 *fill*         0x0000000008011ac6        0x2 
 .text.xEventGroupSetBitsFromISR
                0x0000000008011ac8       0x28 ./Middlewares/Third_Party/FreeRTOS/Source/event_groups.o
                0x0000000008011ac8                xEventGroupSetBitsFromISR
 .text.vListInitialise
                0x0000000008011af0       0x40 ./Middlewares/Third_Party/FreeRTOS/Source/list.o
                0x0000000008011af0                vListInitialise
 .text.vListInitialiseItem
                0x0000000008011b30       0x1a ./Middlewares/Third_Party/FreeRTOS/Source/list.o
                0x0000000008011b30                vListInitialiseItem
 .text.vListInsertEnd
                0x0000000008011b4a       0x48 ./Middlewares/Third_Party/FreeRTOS/Source/list.o
                0x0000000008011b4a                vListInsertEnd
 .text.vListInsert
                0x0000000008011b92       0x72 ./Middlewares/Third_Party/FreeRTOS/Source/list.o
                0x0000000008011b92                vListInsert
 .text.uxListRemove
                0x0000000008011c04       0x54 ./Middlewares/Third_Party/FreeRTOS/Source/list.o
                0x0000000008011c04                uxListRemove
 .text.xQueueGenericReset
                0x0000000008011c58       0xd0 ./Middlewares/Third_Party/FreeRTOS/Source/queue.o
                0x0000000008011c58                xQueueGenericReset
 .text.xQueueGenericCreateStatic
                0x0000000008011d28       0xf0 ./Middlewares/Third_Party/FreeRTOS/Source/queue.o
                0x0000000008011d28                xQueueGenericCreateStatic
 .text.xQueueGenericCreate
                0x0000000008011e18       0x74 ./Middlewares/Third_Party/FreeRTOS/Source/queue.o
                0x0000000008011e18                xQueueGenericCreate
 .text.prvInitialiseNewQueue
                0x0000000008011e8c       0x46 ./Middlewares/Third_Party/FreeRTOS/Source/queue.o
 .text.xQueueCreateCountingSemaphore
                0x0000000008011ed2       0x66 ./Middlewares/Third_Party/FreeRTOS/Source/queue.o
                0x0000000008011ed2                xQueueCreateCountingSemaphore
 .text.xQueueGenericSend
                0x0000000008011f38      0x1fc ./Middlewares/Third_Party/FreeRTOS/Source/queue.o
                0x0000000008011f38                xQueueGenericSend
 .text.xQueueGenericSendFromISR
                0x0000000008012134      0x136 ./Middlewares/Third_Party/FreeRTOS/Source/queue.o
                0x0000000008012134                xQueueGenericSendFromISR
 .text.xQueueGiveFromISR
                0x000000000801226a      0x11a ./Middlewares/Third_Party/FreeRTOS/Source/queue.o
                0x000000000801226a                xQueueGiveFromISR
 .text.xQueueReceive
                0x0000000008012384      0x1c0 ./Middlewares/Third_Party/FreeRTOS/Source/queue.o
                0x0000000008012384                xQueueReceive
 .text.xQueueSemaphoreTake
                0x0000000008012544      0x218 ./Middlewares/Third_Party/FreeRTOS/Source/queue.o
                0x0000000008012544                xQueueSemaphoreTake
 .text.uxQueueMessagesWaiting
                0x000000000801275c       0x3c ./Middlewares/Third_Party/FreeRTOS/Source/queue.o
                0x000000000801275c                uxQueueMessagesWaiting
 .text.prvGetDisinheritPriorityAfterTimeout
                0x0000000008012798       0x30 ./Middlewares/Third_Party/FreeRTOS/Source/queue.o
 .text.prvCopyDataToQueue
                0x00000000080127c8       0xd4 ./Middlewares/Third_Party/FreeRTOS/Source/queue.o
 .text.prvCopyDataFromQueue
                0x000000000801289c       0x4c ./Middlewares/Third_Party/FreeRTOS/Source/queue.o
 .text.prvUnlockQueue
                0x00000000080128e8       0xa4 ./Middlewares/Third_Party/FreeRTOS/Source/queue.o
 .text.prvIsQueueEmpty
                0x000000000801298c       0x2c ./Middlewares/Third_Party/FreeRTOS/Source/queue.o
 .text.prvIsQueueFull
                0x00000000080129b8       0x30 ./Middlewares/Third_Party/FreeRTOS/Source/queue.o
 .text.vQueueAddToRegistry
                0x00000000080129e8       0x54 ./Middlewares/Third_Party/FreeRTOS/Source/queue.o
                0x00000000080129e8                vQueueAddToRegistry
 .text.vQueueWaitForMessageRestricted
                0x0000000008012a3c       0x68 ./Middlewares/Third_Party/FreeRTOS/Source/queue.o
                0x0000000008012a3c                vQueueWaitForMessageRestricted
 .text.xTaskCreateStatic
                0x0000000008012aa4       0xba ./Middlewares/Third_Party/FreeRTOS/Source/tasks.o
                0x0000000008012aa4                xTaskCreateStatic
 .text.xTaskCreate
                0x0000000008012b5e       0x8a ./Middlewares/Third_Party/FreeRTOS/Source/tasks.o
                0x0000000008012b5e                xTaskCreate
 .text.prvInitialiseNewTask
                0x0000000008012be8      0x124 ./Middlewares/Third_Party/FreeRTOS/Source/tasks.o
 .text.prvAddNewTaskToReadyList
                0x0000000008012d0c       0xe0 ./Middlewares/Third_Party/FreeRTOS/Source/tasks.o
 .text.vTaskDelay
                0x0000000008012dec       0x68 ./Middlewares/Third_Party/FreeRTOS/Source/tasks.o
                0x0000000008012dec                vTaskDelay
 .text.vTaskStartScheduler
                0x0000000008012e54       0xd0 ./Middlewares/Third_Party/FreeRTOS/Source/tasks.o
                0x0000000008012e54                vTaskStartScheduler
 .text.vTaskSuspendAll
                0x0000000008012f24       0x1c ./Middlewares/Third_Party/FreeRTOS/Source/tasks.o
                0x0000000008012f24                vTaskSuspendAll
 .text.xTaskResumeAll
                0x0000000008012f40      0x13c ./Middlewares/Third_Party/FreeRTOS/Source/tasks.o
                0x0000000008012f40                xTaskResumeAll
 .text.xTaskGetTickCount
                0x000000000801307c       0x20 ./Middlewares/Third_Party/FreeRTOS/Source/tasks.o
                0x000000000801307c                xTaskGetTickCount
 .text.xTaskIncrementTick
                0x000000000801309c      0x174 ./Middlewares/Third_Party/FreeRTOS/Source/tasks.o
                0x000000000801309c                xTaskIncrementTick
 .text.vTaskSwitchContext
                0x0000000008013210       0xf0 ./Middlewares/Third_Party/FreeRTOS/Source/tasks.o
                0x0000000008013210                vTaskSwitchContext
 .text.vTaskPlaceOnEventList
                0x0000000008013300       0x48 ./Middlewares/Third_Party/FreeRTOS/Source/tasks.o
                0x0000000008013300                vTaskPlaceOnEventList
 .text.vTaskPlaceOnUnorderedEventList
                0x0000000008013348       0x78 ./Middlewares/Third_Party/FreeRTOS/Source/tasks.o
                0x0000000008013348                vTaskPlaceOnUnorderedEventList
 .text.vTaskPlaceOnEventListRestricted
                0x00000000080133c0       0x58 ./Middlewares/Third_Party/FreeRTOS/Source/tasks.o
                0x00000000080133c0                vTaskPlaceOnEventListRestricted
 .text.xTaskRemoveFromEventList
                0x0000000008013418       0xc8 ./Middlewares/Third_Party/FreeRTOS/Source/tasks.o
                0x0000000008013418                xTaskRemoveFromEventList
 .text.vTaskRemoveFromUnorderedEventList
                0x00000000080134e0       0xc4 ./Middlewares/Third_Party/FreeRTOS/Source/tasks.o
                0x00000000080134e0                vTaskRemoveFromUnorderedEventList
 .text.vTaskInternalSetTimeOutState
                0x00000000080135a4       0x2c ./Middlewares/Third_Party/FreeRTOS/Source/tasks.o
                0x00000000080135a4                vTaskInternalSetTimeOutState
 .text.xTaskCheckForTimeOut
                0x00000000080135d0       0xc4 ./Middlewares/Third_Party/FreeRTOS/Source/tasks.o
                0x00000000080135d0                xTaskCheckForTimeOut
 .text.vTaskMissedYield
                0x0000000008013694       0x18 ./Middlewares/Third_Party/FreeRTOS/Source/tasks.o
                0x0000000008013694                vTaskMissedYield
 .text.prvIdleTask
                0x00000000080136ac       0x30 ./Middlewares/Third_Party/FreeRTOS/Source/tasks.o
 .text.prvInitialiseTaskLists
                0x00000000080136dc       0x80 ./Middlewares/Third_Party/FreeRTOS/Source/tasks.o
 .text.prvCheckTasksWaitingTermination
                0x000000000801375c       0x5c ./Middlewares/Third_Party/FreeRTOS/Source/tasks.o
 .text.prvDeleteTCB
                0x00000000080137b8       0x5e ./Middlewares/Third_Party/FreeRTOS/Source/tasks.o
 *fill*         0x0000000008013816        0x2 
 .text.prvResetNextTaskUnblockTime
                0x0000000008013818       0x40 ./Middlewares/Third_Party/FreeRTOS/Source/tasks.o
 .text.xTaskGetSchedulerState
                0x0000000008013858       0x3c ./Middlewares/Third_Party/FreeRTOS/Source/tasks.o
                0x0000000008013858                xTaskGetSchedulerState
 .text.xTaskPriorityInherit
                0x0000000008013894       0xd0 ./Middlewares/Third_Party/FreeRTOS/Source/tasks.o
                0x0000000008013894                xTaskPriorityInherit
 .text.xTaskPriorityDisinherit
                0x0000000008013964       0xdc ./Middlewares/Third_Party/FreeRTOS/Source/tasks.o
                0x0000000008013964                xTaskPriorityDisinherit
 .text.vTaskPriorityDisinheritAfterTimeout
                0x0000000008013a40      0x104 ./Middlewares/Third_Party/FreeRTOS/Source/tasks.o
                0x0000000008013a40                vTaskPriorityDisinheritAfterTimeout
 .text.uxTaskResetEventItemValue
                0x0000000008013b44       0x30 ./Middlewares/Third_Party/FreeRTOS/Source/tasks.o
                0x0000000008013b44                uxTaskResetEventItemValue
 .text.pvTaskIncrementMutexHeldCount
                0x0000000008013b74       0x28 ./Middlewares/Third_Party/FreeRTOS/Source/tasks.o
                0x0000000008013b74                pvTaskIncrementMutexHeldCount
 .text.xTaskNotifyWait
                0x0000000008013b9c       0xb4 ./Middlewares/Third_Party/FreeRTOS/Source/tasks.o
                0x0000000008013b9c                xTaskNotifyWait
 .text.xTaskGenericNotify
                0x0000000008013c50      0x170 ./Middlewares/Third_Party/FreeRTOS/Source/tasks.o
                0x0000000008013c50                xTaskGenericNotify
 .text.xTaskGenericNotifyFromISR
                0x0000000008013dc0      0x1b8 ./Middlewares/Third_Party/FreeRTOS/Source/tasks.o
                0x0000000008013dc0                xTaskGenericNotifyFromISR
 .text.prvAddCurrentTaskToDelayedList
                0x0000000008013f78       0xa8 ./Middlewares/Third_Party/FreeRTOS/Source/tasks.o
 .text.xTimerCreateTimerTask
                0x0000000008014020       0x90 ./Middlewares/Third_Party/FreeRTOS/Source/timers.o
                0x0000000008014020                xTimerCreateTimerTask
 .text.xTimerCreate
                0x00000000080140b0       0x42 ./Middlewares/Third_Party/FreeRTOS/Source/timers.o
                0x00000000080140b0                xTimerCreate
 .text.prvInitialiseNewTimer
                0x00000000080140f2       0x76 ./Middlewares/Third_Party/FreeRTOS/Source/timers.o
 .text.xTimerGenericCommand
                0x0000000008014168       0x9c ./Middlewares/Third_Party/FreeRTOS/Source/timers.o
                0x0000000008014168                xTimerGenericCommand
 .text.prvProcessExpiredTimer
                0x0000000008014204       0x98 ./Middlewares/Third_Party/FreeRTOS/Source/timers.o
 .text.prvTimerTask
                0x000000000801429c       0x24 ./Middlewares/Third_Party/FreeRTOS/Source/timers.o
 .text.prvProcessTimerOrBlockTask
                0x00000000080142c0       0x9c ./Middlewares/Third_Party/FreeRTOS/Source/timers.o
 .text.prvGetNextExpireTime
                0x000000000801435c       0x48 ./Middlewares/Third_Party/FreeRTOS/Source/timers.o
 .text.prvSampleTimeNow
                0x00000000080143a4       0x40 ./Middlewares/Third_Party/FreeRTOS/Source/timers.o
 .text.prvInsertTimerInActiveList
                0x00000000080143e4       0x84 ./Middlewares/Third_Party/FreeRTOS/Source/timers.o
 .text.prvProcessReceivedCommands
                0x0000000008014468      0x1c4 ./Middlewares/Third_Party/FreeRTOS/Source/timers.o
 .text.prvSwitchTimerLists
                0x000000000801462c       0xc8 ./Middlewares/Third_Party/FreeRTOS/Source/timers.o
 .text.prvCheckForValidListAndQueue
                0x00000000080146f4       0x80 ./Middlewares/Third_Party/FreeRTOS/Source/timers.o
 .text.xTimerPendFunctionCallFromISR
                0x0000000008014774       0x40 ./Middlewares/Third_Party/FreeRTOS/Source/timers.o
                0x0000000008014774                xTimerPendFunctionCallFromISR
 .text.pxPortInitialiseStack
                0x00000000080147b4       0x68 ./Middlewares/Third_Party/FreeRTOS/Source/portable/GCC/ARM_CM4F/port.o
                0x00000000080147b4                pxPortInitialiseStack
 .text.prvTaskExitError
                0x000000000801481c       0x58 ./Middlewares/Third_Party/FreeRTOS/Source/portable/GCC/ARM_CM4F/port.o
 *fill*         0x0000000008014874        0xc 
 .text.SVC_Handler
                0x0000000008014880       0x28 ./Middlewares/Third_Party/FreeRTOS/Source/portable/GCC/ARM_CM4F/port.o
                0x0000000008014880                SVC_Handler
 .text.prvPortStartFirstTask
                0x00000000080148a8       0x28 ./Middlewares/Third_Party/FreeRTOS/Source/portable/GCC/ARM_CM4F/port.o
 .text.xPortStartScheduler
                0x00000000080148d0      0x144 ./Middlewares/Third_Party/FreeRTOS/Source/portable/GCC/ARM_CM4F/port.o
                0x00000000080148d0                xPortStartScheduler
 .text.vPortEnterCritical
                0x0000000008014a14       0x60 ./Middlewares/Third_Party/FreeRTOS/Source/portable/GCC/ARM_CM4F/port.o
                0x0000000008014a14                vPortEnterCritical
 .text.vPortExitCritical
                0x0000000008014a74       0x54 ./Middlewares/Third_Party/FreeRTOS/Source/portable/GCC/ARM_CM4F/port.o
                0x0000000008014a74                vPortExitCritical
 *fill*         0x0000000008014ac8        0x8 
 .text.PendSV_Handler
                0x0000000008014ad0       0x68 ./Middlewares/Third_Party/FreeRTOS/Source/portable/GCC/ARM_CM4F/port.o
                0x0000000008014ad0                PendSV_Handler
 .text.xPortSysTickHandler
                0x0000000008014b38       0x44 ./Middlewares/Third_Party/FreeRTOS/Source/portable/GCC/ARM_CM4F/port.o
                0x0000000008014b38                xPortSysTickHandler
 .text.vPortSetupTimerInterrupt
                0x0000000008014b7c       0x48 ./Middlewares/Third_Party/FreeRTOS/Source/portable/GCC/ARM_CM4F/port.o
                0x0000000008014b7c                vPortSetupTimerInterrupt
 .text.vPortEnableVFP
                0x0000000008014bc4       0x14 ./Middlewares/Third_Party/FreeRTOS/Source/portable/GCC/ARM_CM4F/port.o
 .text.vPortValidateInterruptPriority
                0x0000000008014bd8       0x80 ./Middlewares/Third_Party/FreeRTOS/Source/portable/GCC/ARM_CM4F/port.o
                0x0000000008014bd8                vPortValidateInterruptPriority
 .text.pvPortMalloc
                0x0000000008014c58      0x198 ./Middlewares/Third_Party/FreeRTOS/Source/portable/MemMang/heap_4.o
                0x0000000008014c58                pvPortMalloc
 .text.vPortFree
                0x0000000008014df0       0xc4 ./Middlewares/Third_Party/FreeRTOS/Source/portable/MemMang/heap_4.o
                0x0000000008014df0                vPortFree
 .text.prvHeapInit
                0x0000000008014eb4       0xc4 ./Middlewares/Third_Party/FreeRTOS/Source/portable/MemMang/heap_4.o
 .text.prvInsertBlockIntoFreeList
                0x0000000008014f78       0xb4 ./Middlewares/Third_Party/FreeRTOS/Source/portable/MemMang/heap_4.o
 .text.memset   0x000000000801502c       0x10 C:/ST/STM32CubeIDE_1.7.0/STM32CubeIDE/plugins/com.st.stm32cube.ide.mcu.externaltools.gnu-tools-for-stm32.11.3.rel1.win32_1.1.0.202305231506/tools/bin/../lib/gcc/arm-none-eabi/11.3.1/../../../../arm-none-eabi/lib/thumb/v7e-m+dp/hard\libc_nano.a(libc_a-memset.o)
                0x000000000801502c                memset
 .text.__libc_init_array
                0x000000000801503c       0x48 C:/ST/STM32CubeIDE_1.7.0/STM32CubeIDE/plugins/com.st.stm32cube.ide.mcu.externaltools.gnu-tools-for-stm32.11.3.rel1.win32_1.1.0.202305231506/tools/bin/../lib/gcc/arm-none-eabi/11.3.1/../../../../arm-none-eabi/lib/thumb/v7e-m+dp/hard\libc_nano.a(libc_a-init.o)
                0x000000000801503c                __libc_init_array
 .text.memcpy   0x0000000008015084       0x1c C:/ST/STM32CubeIDE_1.7.0/STM32CubeIDE/plugins/com.st.stm32cube.ide.mcu.externaltools.gnu-tools-for-stm32.11.3.rel1.win32_1.1.0.202305231506/tools/bin/../lib/gcc/arm-none-eabi/11.3.1/../../../../arm-none-eabi/lib/thumb/v7e-m+dp/hard\libc_nano.a(libc_a-memcpy-stub.o)
                0x0000000008015084                memcpy
 .text.fmax     0x00000000080150a0       0x36 C:/ST/STM32CubeIDE_1.7.0/STM32CubeIDE/plugins/com.st.stm32cube.ide.mcu.externaltools.gnu-tools-for-stm32.11.3.rel1.win32_1.1.0.202305231506/tools/bin/../lib/gcc/arm-none-eabi/11.3.1/../../../../arm-none-eabi/lib/thumb/v7e-m+dp/hard\libm.a(libm_a-s_fmax.o)
                0x00000000080150a0                fmax
 .text.fmin     0x00000000080150d6       0x36 C:/ST/STM32CubeIDE_1.7.0/STM32CubeIDE/plugins/com.st.stm32cube.ide.mcu.externaltools.gnu-tools-for-stm32.11.3.rel1.win32_1.1.0.202305231506/tools/bin/../lib/gcc/arm-none-eabi/11.3.1/../../../../arm-none-eabi/lib/thumb/v7e-m+dp/hard\libm.a(libm_a-s_fmin.o)
                0x00000000080150d6                fmin
 .text.__fpclassifyd
                0x000000000801510c       0x54 C:/ST/STM32CubeIDE_1.7.0/STM32CubeIDE/plugins/com.st.stm32cube.ide.mcu.externaltools.gnu-tools-for-stm32.11.3.rel1.win32_1.1.0.202305231506/tools/bin/../lib/gcc/arm-none-eabi/11.3.1/../../../../arm-none-eabi/lib/thumb/v7e-m+dp/hard\libm.a(libm_a-s_fpclassify.o)
                0x000000000801510c                __fpclassifyd
 *(.glue_7)
 .glue_7        0x0000000008015160        0x0 linker stubs
 *(.glue_7t)
 .glue_7t       0x0000000008015160        0x0 linker stubs
 *(.eh_frame)
 .eh_frame      0x0000000008015160        0x0 C:/ST/STM32CubeIDE_1.7.0/STM32CubeIDE/plugins/com.st.stm32cube.ide.mcu.externaltools.gnu-tools-for-stm32.11.3.rel1.win32_1.1.0.202305231506/tools/bin/../lib/gcc/arm-none-eabi/11.3.1/thumb/v7e-m+dp/hard/crtbegin.o
 *(.init)
 .init          0x0000000008015160        0x4 C:/ST/STM32CubeIDE_1.7.0/STM32CubeIDE/plugins/com.st.stm32cube.ide.mcu.externaltools.gnu-tools-for-stm32.11.3.rel1.win32_1.1.0.202305231506/tools/bin/../lib/gcc/arm-none-eabi/11.3.1/thumb/v7e-m+dp/hard/crti.o
                0x0000000008015160                _init
 .init          0x0000000008015164        0x8 C:/ST/STM32CubeIDE_1.7.0/STM32CubeIDE/plugins/com.st.stm32cube.ide.mcu.externaltools.gnu-tools-for-stm32.11.3.rel1.win32_1.1.0.202305231506/tools/bin/../lib/gcc/arm-none-eabi/11.3.1/thumb/v7e-m+dp/hard/crtn.o
 *(.fini)
 .fini          0x000000000801516c        0x4 C:/ST/STM32CubeIDE_1.7.0/STM32CubeIDE/plugins/com.st.stm32cube.ide.mcu.externaltools.gnu-tools-for-stm32.11.3.rel1.win32_1.1.0.202305231506/tools/bin/../lib/gcc/arm-none-eabi/11.3.1/thumb/v7e-m+dp/hard/crti.o
                0x000000000801516c                _fini
 .fini          0x0000000008015170        0x8 C:/ST/STM32CubeIDE_1.7.0/STM32CubeIDE/plugins/com.st.stm32cube.ide.mcu.externaltools.gnu-tools-for-stm32.11.3.rel1.win32_1.1.0.202305231506/tools/bin/../lib/gcc/arm-none-eabi/11.3.1/thumb/v7e-m+dp/hard/crtn.o
                0x0000000008015178                . = ALIGN (0x4)
                0x0000000008015178                _etext = .

.vfp11_veneer   0x0000000008015178        0x0
 .vfp11_veneer  0x0000000008015178        0x0 linker stubs

.v4_bx          0x0000000008015178        0x0
 .v4_bx         0x0000000008015178        0x0 linker stubs

.iplt           0x0000000008015178        0x0
 .iplt          0x0000000008015178        0x0 C:/ST/STM32CubeIDE_1.7.0/STM32CubeIDE/plugins/com.st.stm32cube.ide.mcu.externaltools.gnu-tools-for-stm32.11.3.rel1.win32_1.1.0.202305231506/tools/bin/../lib/gcc/arm-none-eabi/11.3.1/thumb/v7e-m+dp/hard/crtbegin.o

.rodata         0x0000000008015178      0x2a8
                0x0000000008015178                . = ALIGN (0x4)
 *(.rodata)
 .rodata        0x0000000008015178      0x1a5 ./Core/Src/freertos.o
 *fill*         0x000000000801531d        0x3 
 .rodata        0x0000000008015320       0x4c ./Drivers/STM32H7xx_HAL_Driver/Src/stm32h7xx_hal_fdcan.o
 .rodata        0x000000000801536c       0x30 ./Middlewares/Third_Party/FreeRTOS/Source/tasks.o
 .rodata        0x000000000801539c        0xd ./Middlewares/Third_Party/FreeRTOS/Source/timers.o
 *(.rodata*)
 *fill*         0x00000000080153a9        0x3 
 .rodata.defaultTask_attributes
                0x00000000080153ac       0x24 ./Core/Src/freertos.o
                0x00000000080153ac                defaultTask_attributes
 .rodata.D1CorePrescTable
                0x00000000080153d0       0x10 ./Core/Src/system_stm32h7xx.o
                0x00000000080153d0                D1CorePrescTable
 .rodata.flagBitshiftOffset.0
                0x00000000080153e0        0x8 ./Drivers/STM32H7xx_HAL_Driver/Src/stm32h7xx_hal_dma.o
 .rodata.DLCtoBytes
                0x00000000080153e8       0x10 ./Drivers/STM32H7xx_HAL_Driver/Src/stm32h7xx_hal_fdcan.o
 .rodata.UARTPrescTable
                0x00000000080153f8       0x18 ./Drivers/STM32H7xx_HAL_Driver/Src/stm32h7xx_hal_uart.o
                0x00000000080153f8                UARTPrescTable
 .rodata.numerator.1
                0x0000000008015410        0x8 ./Drivers/STM32H7xx_HAL_Driver/Src/stm32h7xx_hal_uart_ex.o
 .rodata.denominator.0
                0x0000000008015418        0x8 ./Drivers/STM32H7xx_HAL_Driver/Src/stm32h7xx_hal_uart_ex.o
                0x0000000008015420                . = ALIGN (0x4)

.ARM.extab
 *(.ARM.extab* .gnu.linkonce.armextab.*)

.ARM            0x0000000008015420        0x8
                0x0000000008015420                __exidx_start = .
 *(.ARM.exidx*)
 .ARM.exidx     0x0000000008015420        0x8 C:/ST/STM32CubeIDE_1.7.0/STM32CubeIDE/plugins/com.st.stm32cube.ide.mcu.externaltools.gnu-tools-for-stm32.11.3.rel1.win32_1.1.0.202305231506/tools/bin/../lib/gcc/arm-none-eabi/11.3.1/thumb/v7e-m+dp/hard\libgcc.a(_udivmoddi4.o)
                0x0000000008015428                __exidx_end = .

.rel.dyn        0x0000000008015428        0x0
 .rel.iplt      0x0000000008015428        0x0 C:/ST/STM32CubeIDE_1.7.0/STM32CubeIDE/plugins/com.st.stm32cube.ide.mcu.externaltools.gnu-tools-for-stm32.11.3.rel1.win32_1.1.0.202305231506/tools/bin/../lib/gcc/arm-none-eabi/11.3.1/thumb/v7e-m+dp/hard/crtbegin.o

.preinit_array  0x0000000008015428        0x0
                0x0000000008015428                PROVIDE (__preinit_array_start = .)
 *(.preinit_array*)
                0x0000000008015428                PROVIDE (__preinit_array_end = .)

.init_array     0x0000000008015428        0x4
                0x0000000008015428                PROVIDE (__init_array_start = .)
 *(SORT_BY_NAME(.init_array.*))
 *(.init_array*)
 .init_array    0x0000000008015428        0x4 C:/ST/STM32CubeIDE_1.7.0/STM32CubeIDE/plugins/com.st.stm32cube.ide.mcu.externaltools.gnu-tools-for-stm32.11.3.rel1.win32_1.1.0.202305231506/tools/bin/../lib/gcc/arm-none-eabi/11.3.1/thumb/v7e-m+dp/hard/crtbegin.o
                0x000000000801542c                PROVIDE (__init_array_end = .)

.fini_array     0x000000000801542c        0x4
                [!provide]                        PROVIDE (__fini_array_start = .)
 *(SORT_BY_NAME(.fini_array.*))
 *(.fini_array*)
 .fini_array    0x000000000801542c        0x4 C:/ST/STM32CubeIDE_1.7.0/STM32CubeIDE/plugins/com.st.stm32cube.ide.mcu.externaltools.gnu-tools-for-stm32.11.3.rel1.win32_1.1.0.202305231506/tools/bin/../lib/gcc/arm-none-eabi/11.3.1/thumb/v7e-m+dp/hard/crtbegin.o
                [!provide]                        PROVIDE (__fini_array_end = .)
                0x0000000008015430                _sidata = LOADADDR (.data)

.data           0x0000000024000000      0x83c load address 0x0000000008015430
                0x0000000024000000                . = ALIGN (0x4)
                0x0000000024000000                _sdata = .
 *(.data)
 *(.data*)
 .data.adc1     0x0000000024000000       0x14 ./Core/Src/adc.o
                0x0000000024000000                adc1
 .data.adc2     0x0000000024000014       0x10 ./Core/Src/adc.o
                0x0000000024000014                adc2
 .data.adc3     0x0000000024000024       0x14 ./Core/Src/adc.o
                0x0000000024000024                adc3
 .data.AS_STATUS
                0x0000000024000038        0x2 ./Core/Src/autonomous_mode.o
                0x0000000024000038                AS_STATUS
 *fill*         0x000000002400003a        0x2 
 .data.trq      0x000000002400003c      0x7e4 ./Core/Src/freertos.o
                0x000000002400003c                trq
 .data.i_con    0x0000000024000820        0x4 ./Core/Src/freertos.o
                0x0000000024000820                i_con
 .data.trq_to_curr
                0x0000000024000824        0x4 ./Core/Src/freertos.o
                0x0000000024000824                trq_to_curr
 .data.SystemCoreClock
                0x0000000024000828        0x4 ./Core/Src/system_stm32h7xx.o
                0x0000000024000828                SystemCoreClock
 .data.SystemD2Clock
                0x000000002400082c        0x4 ./Core/Src/system_stm32h7xx.o
                0x000000002400082c                SystemD2Clock
 .data.uwTickPrio
                0x0000000024000830        0x4 ./Drivers/STM32H7xx_HAL_Driver/Src/stm32h7xx_hal.o
                0x0000000024000830                uwTickPrio
 .data.uwTickFreq
                0x0000000024000834        0x1 ./Drivers/STM32H7xx_HAL_Driver/Src/stm32h7xx_hal.o
                0x0000000024000834                uwTickFreq
 *fill*         0x0000000024000835        0x3 
 .data.uxCriticalNesting
                0x0000000024000838        0x4 ./Middlewares/Third_Party/FreeRTOS/Source/portable/GCC/ARM_CM4F/port.o
 *(.RamFunc)
 *(.RamFunc*)
                0x000000002400083c                . = ALIGN (0x4)
                0x000000002400083c                _edata = .

.igot.plt       0x000000002400083c        0x0 load address 0x0000000008015c6c
 .igot.plt      0x000000002400083c        0x0 C:/ST/STM32CubeIDE_1.7.0/STM32CubeIDE/plugins/com.st.stm32cube.ide.mcu.externaltools.gnu-tools-for-stm32.11.3.rel1.win32_1.1.0.202305231506/tools/bin/../lib/gcc/arm-none-eabi/11.3.1/thumb/v7e-m+dp/hard/crtbegin.o
                0x000000002400083c                . = ALIGN (0x4)

.bss            0x000000002400083c     0x54b8 load address 0x0000000008015c6c
                0x000000002400083c                _sbss = .
                0x000000002400083c                __bss_start__ = _sbss
 *(.bss)
 .bss           0x000000002400083c       0x1c C:/ST/STM32CubeIDE_1.7.0/STM32CubeIDE/plugins/com.st.stm32cube.ide.mcu.externaltools.gnu-tools-for-stm32.11.3.rel1.win32_1.1.0.202305231506/tools/bin/../lib/gcc/arm-none-eabi/11.3.1/thumb/v7e-m+dp/hard/crtbegin.o
 *(.bss*)
 .bss.apps1     0x0000000024000858        0x2 ./Core/Src/adc.o
                0x0000000024000858                apps1
 .bss.apps2     0x000000002400085a        0x2 ./Core/Src/adc.o
                0x000000002400085a                apps2
 .bss.apps      0x000000002400085c        0x2 ./Core/Src/adc.o
                0x000000002400085c                apps
 *fill*         0x000000002400085e        0x2 
 .bss.brf       0x0000000024000860        0x4 ./Core/Src/adc.o
                0x0000000024000860                brf
 .bss.steering  0x0000000024000864        0x4 ./Core/Src/adc.o
                0x0000000024000864                steering
 .bss.brr       0x0000000024000868        0x4 ./Core/Src/adc.o
                0x0000000024000868                brr
 .bss.eoc_apps1
                0x000000002400086c        0x1 ./Core/Src/adc.o
                0x000000002400086c                eoc_apps1
 .bss.eoc_apps2
                0x000000002400086d        0x1 ./Core/Src/adc.o
                0x000000002400086d                eoc_apps2
 *fill*         0x000000002400086e        0x2 
 .bss.xHigherPriorityApps
                0x0000000024000870        0x4 ./Core/Src/adc.o
                0x0000000024000870                xHigherPriorityApps
 .bss.xHigherPriorityBrake
                0x0000000024000874        0x4 ./Core/Src/adc.o
                0x0000000024000874                xHigherPriorityBrake
 .bss.hadc1     0x0000000024000878       0x70 ./Core/Src/adc.o
                0x0000000024000878                hadc1
 .bss.hadc2     0x00000000240008e8       0x70 ./Core/Src/adc.o
                0x00000000240008e8                hadc2
 .bss.hadc3     0x0000000024000958       0x70 ./Core/Src/adc.o
                0x0000000024000958                hadc3
 .bss.hdma_adc1
                0x00000000240009c8       0x78 ./Core/Src/adc.o
                0x00000000240009c8                hdma_adc1
 .bss.hdma_adc2
                0x0000000024000a40       0x78 ./Core/Src/adc.o
                0x0000000024000a40                hdma_adc2
 .bss.hdma_adc3
                0x0000000024000ab8       0x78 ./Core/Src/adc.o
                0x0000000024000ab8                hdma_adc3
 .bss.HAL_RCC_ADC12_CLK_ENABLED
                0x0000000024000b30        0x4 ./Core/Src/adc.o
 .bss.initial_check_value
                0x0000000024000b34        0x4 ./Core/Src/autonomous_mode.o
                0x0000000024000b34                initial_check_value
 .bss.as_ready_delay
                0x0000000024000b38        0x1 ./Core/Src/autonomous_mode.o
                0x0000000024000b38                as_ready_delay
 *fill*         0x0000000024000b39        0x1 
 .bss.int_dc_bus_voltage
                0x0000000024000b3a        0x2 ./Core/Src/fdcan.o
                0x0000000024000b3a                int_dc_bus_voltage
 .bss.int_inv_vout
                0x0000000024000b3c        0x2 ./Core/Src/fdcan.o
                0x0000000024000b3c                int_inv_vout
 .bss.int_iact  0x0000000024000b3e        0x2 ./Core/Src/fdcan.o
                0x0000000024000b3e                int_iact
 .bss.actual_trq
                0x0000000024000b40        0x2 ./Core/Src/fdcan.o
                0x0000000024000b40                actual_trq
 .bss.motor_rpm
                0x0000000024000b42        0x2 ./Core/Src/fdcan.o
                0x0000000024000b42                motor_rpm
 .bss.curr_lim_reached
                0x0000000024000b44        0x1 ./Core/Src/fdcan.o
                0x0000000024000b44                curr_lim_reached
 .bss.curr_lim_igbt_temp
                0x0000000024000b45        0x1 ./Core/Src/fdcan.o
                0x0000000024000b45                curr_lim_igbt_temp
 .bss.curr_lim_motor_temp
                0x0000000024000b46        0x1 ./Core/Src/fdcan.o
                0x0000000024000b46                curr_lim_motor_temp
 .bss.curr_peak_val_warn
                0x0000000024000b47        0x1 ./Core/Src/fdcan.o
                0x0000000024000b47                curr_peak_val_warn
 .bss.defective_param
                0x0000000024000b48        0x1 ./Core/Src/fdcan.o
                0x0000000024000b48                defective_param
 .bss.hardware_fault
                0x0000000024000b49        0x1 ./Core/Src/fdcan.o
                0x0000000024000b49                hardware_fault
 .bss.faulty_safety_circuit
                0x0000000024000b4a        0x1 ./Core/Src/fdcan.o
                0x0000000024000b4a                faulty_safety_circuit
 .bss.can_time_out_exceeded
                0x0000000024000b4b        0x1 ./Core/Src/fdcan.o
                0x0000000024000b4b                can_time_out_exceeded
 .bss.bad_encoder_signal
                0x0000000024000b4c        0x1 ./Core/Src/fdcan.o
                0x0000000024000b4c                bad_encoder_signal
 .bss.no_power_supply_voltage
                0x0000000024000b4d        0x1 ./Core/Src/fdcan.o
                0x0000000024000b4d                no_power_supply_voltage
 .bss.overvoltage
                0x0000000024000b4e        0x1 ./Core/Src/fdcan.o
                0x0000000024000b4e                overvoltage
 .bss.overcurrent
                0x0000000024000b4f        0x1 ./Core/Src/fdcan.o
                0x0000000024000b4f                overcurrent
 .bss.current_measure_fault
                0x0000000024000b50        0x1 ./Core/Src/fdcan.o
                0x0000000024000b50                current_measure_fault
 .bss.ballast_circuit_overload
                0x0000000024000b51        0x1 ./Core/Src/fdcan.o
                0x0000000024000b51                ballast_circuit_overload
 .bss.faulty_run_signal_emi
                0x0000000024000b52        0x1 ./Core/Src/fdcan.o
                0x0000000024000b52                faulty_run_signal_emi
 .bss.inactive_rfe
                0x0000000024000b53        0x1 ./Core/Src/fdcan.o
                0x0000000024000b53                inactive_rfe
 .bss.power_supply_missing_or_too_low
                0x0000000024000b54        0x1 ./Core/Src/fdcan.o
                0x0000000024000b54                power_supply_missing_or_too_low
 .bss.output_voltage_limit_reached
                0x0000000024000b55        0x1 ./Core/Src/fdcan.o
                0x0000000024000b55                output_voltage_limit_reached
 .bss.overcurrent_200
                0x0000000024000b56        0x1 ./Core/Src/fdcan.o
                0x0000000024000b56                overcurrent_200
 .bss.ballast_circuit_overload_87
                0x0000000024000b57        0x1 ./Core/Src/fdcan.o
                0x0000000024000b57                ballast_circuit_overload_87
 .bss.inv_enable